// Vitest Snapshot v1, https://vitest.dev/guide/snapshot.html

exports[`convert general election 1`] = `
{
  "ballotLayout": {
    "metadataEncoding": "qr-code",
    "paperSize": "letter",
  },
  "ballotStrings": {},
  "ballotStyles": [],
  "contests": [
    {
      "allowWriteIns": true,
      "candidates": [
        {
          "firstName": "Presidential",
          "id": "general-election-id_775045212",
          "lastName": "President",
          "middleName": "Electors for Alice Johnson for President and David Wilson for Vice",
          "name": "Presidential Electors for Alice Johnson for President and David Wilson for Vice President",
          "partyIds": [
            "general-election-id_2",
          ],
        },
        {
          "firstName": "Presidential",
          "id": "general-election-id_775045216",
          "lastName": "President",
          "middleName": "Electors for Carlos Martinez for President and Sarah Davis for Vice",
          "name": "Presidential Electors for Carlos Martinez for President and Sarah Davis for Vice President",
          "partyIds": [
            "general-election-id_4",
          ],
        },
        {
          "firstName": "Presidential",
          "id": "general-election-id_775045215",
          "lastName": "President",
          "middleName": "Electors for Emily Thompson for President and Michael Brown for Vice",
          "name": "Presidential Electors for Emily Thompson for President and Michael Brown for Vice President",
          "partyIds": [
            "general-election-id_9",
          ],
        },
        {
          "firstName": "Presidential",
          "id": "general-election-id_775045256",
          "lastName": "President",
          "middleName": "Electors for Robert Anderson for President and Jennifer Lee for Vice",
          "name": "Presidential Electors for Robert Anderson for President and Jennifer Lee for Vice President",
          "partyIds": [
            "general-election-id_8",
          ],
        },
        {
          "firstName": "Presidential",
          "id": "general-election-id_775045213",
          "lastName": "President",
          "middleName": "Electors for James Williams for President and Lisa Garcia for Vice",
          "name": "Presidential Electors for James Williams for President and Lisa Garcia for Vice President",
          "partyIds": [
            "general-election-id_3",
          ],
        },
        {
          "firstName": "Presidential",
          "id": "general-election-id_775045286",
          "lastName": "President",
          "middleName": "Electors for Patricia Clark for President and Kevin Miller for Vice",
          "name": "Presidential Electors for Patricia Clark for President and Kevin Miller for Vice President",
          "partyIds": [
            "general-election-id_11",
          ],
        },
        {
          "firstName": "Presidential",
          "id": "general-election-id_775045287",
          "lastName": "President",
          "middleName": "Electors for Maria Rodriguez for President and Thomas Taylor for Vice",
          "name": "Presidential Electors for Maria Rodriguez for President and Thomas Taylor for Vice President",
          "partyIds": [
            "general-election-id_11",
          ],
        },
        {
          "firstName": "Presidential",
          "id": "general-election-id_775045214",
          "lastName": "President",
          "middleName": "Electors for Robert Jackson for President and Amanda White for Vice",
          "name": "Presidential Electors for Robert Jackson for President and Amanda White for Vice President",
          "partyIds": [
            "general-election-id_11",
          ],
        },
        {
          "firstName": "Presidential",
          "id": "general-election-id_775045258",
          "lastName": "President",
          "middleName": "Electors for Daniel Lewis for President and Rachel Green for Vice",
          "name": "Presidential Electors for Daniel Lewis for President and Rachel Green for Vice President",
          "partyIds": [
            "general-election-id_11",
          ],
        },
      ],
      "districtId": "general-election-id_1",
      "id": "general-election-id_775030219",
      "partyId": undefined,
      "seats": 1,
      "termDescription": "4 YEAR TERM",
      "title": "President",
      "type": "candidate",
    },
    {
      "allowWriteIns": true,
      "candidates": [
        {
          "firstName": "Michelle",
          "id": "general-election-id_775045201",
          "lastName": "Baker",
          "middleName": "",
          "name": "Michelle Baker",
          "partyIds": [
            "general-election-id_2",
          ],
        },
        {
          "firstName": "William",
          "id": "general-election-id_775045200",
          "lastName": "Cooper",
          "middleName": "",
          "name": "William Cooper",
          "partyIds": [
            "general-election-id_3",
          ],
        },
      ],
      "districtId": "general-election-id_1",
      "id": "general-election-id_775030220",
      "partyId": undefined,
      "seats": 1,
      "termDescription": "6 YEAR TERM",
      "title": "Senate",
      "type": "candidate",
    },
    {
      "allowWriteIns": true,
      "candidates": [
        {
          "firstName": "Susan",
          "id": "general-election-id_775045193",
          "lastName": "Turner",
          "middleName": "",
          "name": "Susan Turner",
          "partyIds": [
            "general-election-id_2",
          ],
        },
        {
          "firstName": "John",
          "id": "general-election-id_775045194",
          "lastName": "Parker",
          "middleName": "",
          "name": "John Parker",
          "partyIds": [
            "general-election-id_3",
          ],
        },
      ],
      "districtId": "general-election-id_100000047",
      "id": "general-election-id_775030215",
      "partyId": undefined,
      "seats": 1,
      "termDescription": "2 YEAR TERM",
      "title": "1st Congressional District",
      "type": "candidate",
    },
    {
      "allowWriteIns": true,
      "candidates": [
        {
          "firstName": "Edward",
          "id": "general-election-id_775045190",
          "lastName": "Morris",
          "middleName": "",
          "name": "Edward Morris",
          "partyIds": undefined,
        },
      ],
      "districtId": "general-election-id_100000174",
      "id": "general-election-id_775030212",
      "partyId": undefined,
      "seats": 1,
      "termDescription": "8 YEAR TERM",
      "title": "Supreme Court District 3(Northern) Position 1",
      "type": "candidate",
    },
    {
      "allowWriteIns": true,
      "candidates": [
        {
          "firstName": "Helen",
          "id": "general-election-id_775045191",
          "lastName": "Watson",
          "middleName": "",
          "name": "Helen Watson",
          "partyIds": undefined,
        },
      ],
      "districtId": "general-election-id_100000174",
      "id": "general-election-id_775030213",
      "partyId": undefined,
      "seats": 1,
      "termDescription": "8 YEAR TERM",
      "title": "Supreme Court District 3(Northern) Position 2",
      "type": "candidate",
    },
    {
      "allowWriteIns": true,
      "candidates": [
        {
          "firstName": "Nancy",
          "id": "general-election-id_775045843",
          "lastName": "Brooks",
          "middleName": "",
          "name": "Nancy Brooks",
          "partyIds": [
            "general-election-id_11",
          ],
        },
      ],
      "districtId": "general-election-id_575000501",
      "id": "general-election-id_775030689",
      "partyId": undefined,
      "seats": 1,
      "termDescription": "4 YEAR TERM",
      "title": "Election Commissioner  01",
      "type": "candidate",
    },
    {
      "allowWriteIns": true,
      "candidates": [
        {
          "firstName": "Stephanie",
          "id": "general-election-id_775045847",
          "lastName": "Kelly",
          "middleName": "",
          "name": "Stephanie Kelly",
          "partyIds": [
            "general-election-id_11",
          ],
        },
      ],
      "districtId": "general-election-id_575000503",
      "id": "general-election-id_775030690",
      "partyId": undefined,
      "seats": 1,
      "termDescription": "4 YEAR TERM",
      "title": "Election Commissioner 03",
      "type": "candidate",
    },
    {
      "allowWriteIns": true,
      "candidates": [
        {
          "firstName": "Betty",
          "id": "general-election-id_775045848",
          "lastName": "Ward",
          "middleName": "",
          "name": "Betty Ward",
          "partyIds": [
            "general-election-id_11",
          ],
        },
      ],
      "districtId": "general-election-id_575000505",
      "id": "general-election-id_775030691",
      "partyId": undefined,
      "seats": 1,
      "termDescription": "4 YEAR TERM",
      "title": "Election Commissioner 05",
      "type": "candidate",
    },
    {
      "allowWriteIns": true,
      "candidates": [
        {
          "firstName": "Anthony",
          "id": "general-election-id_775045849",
          "lastName": "Foster",
          "middleName": "",
          "name": "Anthony Foster",
          "partyIds": [
            "general-election-id_11",
          ],
        },
        {
          "firstName": "Patrick",
          "id": "general-election-id_775045850",
          "lastName": "Coleman",
          "middleName": "",
          "name": "Patrick Coleman",
          "partyIds": [
            "general-election-id_11",
          ],
        },
      ],
      "districtId": "general-election-id_575000082",
      "id": "general-election-id_775030692",
      "partyId": undefined,
      "seats": 1,
      "termDescription": "6 YEAR TERM",
      "title": "School Board District 3 Member",
      "type": "candidate",
    },
    {
      "allowWriteIns": true,
      "candidates": [
        {
          "firstName": "Diana",
          "id": "general-election-id_775045851",
          "lastName": "Richardson",
          "middleName": "",
          "name": "Diana Richardson",
          "partyIds": [
            "general-election-id_11",
          ],
        },
        {
          "firstName": "Karen",
          "id": "general-election-id_775045852",
          "lastName": "Phillips",
          "middleName": "",
          "name": "Karen Phillips",
          "partyIds": [
            "general-election-id_11",
          ],
        },
      ],
      "districtId": "general-election-id_575000083",
      "id": "general-election-id_775030693",
      "partyId": undefined,
      "seats": 1,
      "termDescription": "6 YEAR TERM",
      "title": "School Board District 4 Member",
      "type": "candidate",
    },
  ],
  "county": {
    "id": "general-election-id_10",
    "name": "Choctaw County",
  },
  "date": "2024-11-05",
  "districts": [
    {
      "id": "general-election-id_1",
      "name": "United States",
    },
    {
      "id": "general-election-id_100000047",
      "name": "US House Of Representatives",
    },
    {
      "id": "general-election-id_100000174",
      "name": "Supreme Court Justice",
    },
    {
      "id": "general-election-id_575000501",
      "name": "Election Commissioner 01",
    },
    {
      "id": "general-election-id_575000503",
      "name": "Election Commissioner 03",
    },
    {
      "id": "general-election-id_575000505",
      "name": "Election Commissioner 05",
    },
    {
      "id": "general-election-id_575000082",
      "name": "School Board District 3",
    },
    {
      "id": "general-election-id_575000083",
      "name": "School Board District 4",
    },
  ],
  "id": "general-election-id",
  "parties": [
    {
      "abbrev": "D",
      "fullName": "Democratic Party",
      "id": "general-election-id_2",
      "name": "Democrat",
    },
    {
      "abbrev": "R",
      "fullName": "Republican Party",
      "id": "general-election-id_3",
      "name": "Republican",
    },
    {
      "abbrev": "L",
      "fullName": "Libertarian Party",
      "id": "general-election-id_4",
      "name": "Libertarian",
    },
    {
      "abbrev": "REF",
      "fullName": "Reform Party",
      "id": "general-election-id_5",
      "name": "Reform",
    },
    {
      "abbrev": "N",
      "fullName": "Natural Law Party",
      "id": "general-election-id_6",
      "name": "Natural Law",
    },
    {
      "abbrev": "C",
      "fullName": "Mississippi Constitution Party",
      "id": "general-election-id_8",
      "name": "Mississippi Constitution",
    },
    {
      "abbrev": "G",
      "fullName": "Green Party",
      "id": "general-election-id_9",
      "name": "Green",
    },
    {
      "abbrev": "A",
      "fullName": "America First Party",
      "id": "general-election-id_10",
      "name": "America First",
    },
    {
      "abbrev": "I",
      "fullName": "Independent Party",
      "id": "general-election-id_11",
      "name": "Independent",
    },
    {
      "abbrev": "NP",
      "fullName": "Nonpartisan",
      "id": "general-election-id_12",
      "name": "Nonpartisan",
    },
    {
      "abbrev": "JUS",
      "fullName": "Justice Party",
      "id": "general-election-id_575000001",
      "name": "Justice",
    },
    {
      "abbrev": "PRO",
      "fullName": "Prohibition Party",
      "id": "general-election-id_575000002",
      "name": "Prohibition",
    },
    {
      "abbrev": "ADP",
      "fullName": "American Delta Party",
      "id": "general-election-id_575000003",
      "name": "American Delta",
    },
    {
      "abbrev": "VET",
      "fullName": "Veterans Party",
      "id": "general-election-id_575000004",
      "name": "Veterans",
    },
    {
      "abbrev": "ASP",
      "fullName": "American Solidarity Party",
      "id": "general-election-id_775000001",
      "name": "American Solidarity",
    },
    {
      "abbrev": "AMC",
      "fullName": "American Constitution Party",
      "id": "general-election-id_775000002",
      "name": "American Constitution",
    },
  ],
  "precincts": [
    {
      "districtIds": [
        "general-election-id_100000047",
        "general-election-id_1",
        "general-election-id_100000174",
        "general-election-id_575000501",
      ],
      "id": "general-election-id_6538",
      "name": "Riverside",
    },
    {
      "id": "general-election-id_6524",
      "name": "Oakville",
      "splits": [
        {
          "districtIds": [
            "general-election-id_100000174",
            "general-election-id_100000047",
            "general-election-id_1",
            "general-election-id_575000501",
          ],
          "id": "general-election-id_22683",
          "name": "Oakville - Split #1",
        },
        {
          "districtIds": [
            "general-election-id_1",
            "general-election-id_100000047",
            "general-election-id_100000174",
            "general-election-id_575000501",
          ],
          "id": "general-election-id_22691",
          "name": "Oakville - Split #2",
        },
        {
          "districtIds": [
            "general-election-id_1",
            "general-election-id_100000047",
            "general-election-id_100000174",
            "general-election-id_575000501",
          ],
          "id": "general-election-id_775000997",
          "name": "Oakville - Split #3",
        },
        {
          "districtIds": [
            "general-election-id_1",
            "general-election-id_100000047",
            "general-election-id_575000501",
            "general-election-id_100000174",
          ],
          "id": "general-election-id_775000998",
          "name": "Oakville - Split #4",
        },
      ],
    },
    {
      "id": "general-election-id_6522",
      "name": "District 5",
      "splits": [
        {
          "districtIds": [
            "general-election-id_1",
            "general-election-id_100000047",
            "general-election-id_100000174",
            "general-election-id_575000505",
          ],
          "id": "general-election-id_22713",
          "name": "District 5 - Split #1",
        },
        {
          "districtIds": [
            "general-election-id_1",
            "general-election-id_100000047",
            "general-election-id_100000174",
            "general-election-id_575000505",
          ],
          "id": "general-election-id_775000004",
          "name": "District 5 - Split #2",
        },
        {
          "districtIds": [
            "general-election-id_1",
            "general-election-id_100000047",
            "general-election-id_100000174",
            "general-election-id_575000505",
          ],
          "id": "general-election-id_775000993",
          "name": "District 5 - Split #3",
        },
        {
          "districtIds": [
            "general-election-id_1",
            "general-election-id_100000047",
            "general-election-id_575000505",
            "general-election-id_100000174",
          ],
          "id": "general-election-id_775000994",
          "name": "District 5 - Split #4",
        },
        {
          "districtIds": [
            "general-election-id_1",
            "general-election-id_100000174",
            "general-election-id_100000047",
            "general-election-id_575000505",
          ],
          "id": "general-election-id_775000995",
          "name": "District 5 - Split #5",
        },
        {
          "districtIds": [
            "general-election-id_1",
            "general-election-id_100000047",
            "general-election-id_575000505",
            "general-election-id_100000174",
          ],
          "id": "general-election-id_775000996",
          "name": "District 5 - Split #6",
        },
        {
          "districtIds": [
            "general-election-id_100000174",
            "general-election-id_100000047",
            "general-election-id_1",
            "general-election-id_575000505",
          ],
          "id": "general-election-id_775001002",
          "name": "District 5 - Split #7",
        },
        {
          "districtIds": [
            "general-election-id_100000174",
            "general-election-id_100000047",
            "general-election-id_1",
            "general-election-id_575000505",
          ],
          "id": "general-election-id_775001003",
          "name": "District 5 - Split #8",
        },
        {
          "districtIds": [
            "general-election-id_1",
            "general-election-id_100000047",
            "general-election-id_100000174",
            "general-election-id_575000505",
          ],
          "id": "general-election-id_775001004",
          "name": "District 5 - Split #9",
        },
        {
          "districtIds": [
            "general-election-id_1",
            "general-election-id_100000047",
            "general-election-id_100000174",
            "general-election-id_575000505",
          ],
          "id": "general-election-id_775001005",
          "name": "District 5 - Split #10",
        },
      ],
    },
    {
      "id": "general-election-id_6525",
      "name": "East Willow",
      "splits": [
        {
          "districtIds": [
            "general-election-id_1",
            "general-election-id_100000047",
            "general-election-id_575000083",
            "general-election-id_100000174",
          ],
          "id": "general-election-id_22686",
          "name": "East Willow - Split #1",
        },
        {
          "districtIds": [
            "general-election-id_1",
            "general-election-id_100000174",
            "general-election-id_100000047",
            "general-election-id_575000083",
          ],
          "id": "general-election-id_22687",
          "name": "East Willow - Split #2",
        },
        {
          "districtIds": [
            "general-election-id_100000047",
            "general-election-id_1",
            "general-election-id_100000174",
            "general-election-id_575000083",
          ],
          "id": "general-election-id_775001116",
          "name": "East Willow - Split #3",
        },
        {
          "districtIds": [
            "general-election-id_100000047",
            "general-election-id_1",
            "general-election-id_100000174",
            "general-election-id_575000083",
          ],
          "id": "general-election-id_775001117",
          "name": "East Willow - Split #4",
        },
      ],
    },
    {
      "id": "general-election-id_6526",
      "name": "Maple Grove",
      "splits": [
        {
          "districtIds": [
            "general-election-id_1",
            "general-election-id_100000047",
            "general-election-id_575000503",
            "general-election-id_575000082",
            "general-election-id_100000174",
          ],
          "id": "general-election-id_22689",
          "name": "Maple Grove - Split #1",
        },
        {
          "districtIds": [
            "general-election-id_1",
            "general-election-id_100000047",
            "general-election-id_100000174",
            "general-election-id_575000082",
            "general-election-id_575000503",
          ],
          "id": "general-election-id_575000859",
          "name": "Maple Grove - Split #2",
        },
      ],
    },
    {
      "districtIds": [
        "general-election-id_100000047",
        "general-election-id_1",
        "general-election-id_100000174",
      ],
      "id": "general-election-id_6528",
      "name": "Valley",
    },
    {
      "districtIds": [
        "general-election-id_100000174",
        "general-election-id_100000047",
        "general-election-id_1",
        "general-election-id_575000082",
        "general-election-id_575000503",
      ],
      "id": "general-election-id_6529",
      "name": "Fairview",
    },
    {
      "districtIds": [
        "general-election-id_100000047",
        "general-election-id_1",
        "general-election-id_100000174",
        "general-election-id_575000083",
      ],
      "id": "general-election-id_6532",
      "name": "Northside",
    },
    {
      "districtIds": [
        "general-election-id_1",
        "general-election-id_100000047",
        "general-election-id_100000174",
      ],
      "id": "general-election-id_6534",
      "name": "Sunset",
    },
    {
      "id": "general-election-id_6536",
      "name": "Elmwood",
      "splits": [
        {
          "districtIds": [
            "general-election-id_1",
            "general-election-id_100000174",
            "general-election-id_100000047",
          ],
          "id": "general-election-id_22719",
          "name": "Elmwood - Split #1",
        },
        {
          "districtIds": [
            "general-election-id_1",
            "general-election-id_100000174",
            "general-election-id_100000047",
          ],
          "id": "general-election-id_775002424",
          "name": "Elmwood - Split #2",
        },
      ],
    },
    {
      "id": "general-election-id_6537",
      "name": "Southwest Springfield",
      "splits": [
        {
          "districtIds": [
            "general-election-id_100000047",
            "general-election-id_1",
            "general-election-id_100000174",
            "general-election-id_575000083",
          ],
          "id": "general-election-id_22724",
          "name": "Southwest Springfield - Split #1",
        },
        {
          "districtIds": [
            "general-election-id_1",
            "general-election-id_100000047",
            "general-election-id_100000174",
            "general-election-id_575000083",
          ],
          "id": "general-election-id_775000999",
          "name": "Southwest Springfield - Split #2",
        },
        {
          "districtIds": [
            "general-election-id_1",
            "general-election-id_100000047",
            "general-election-id_100000174",
            "general-election-id_575000083",
          ],
          "id": "general-election-id_775001000",
          "name": "Southwest Springfield - Split #3",
        },
        {
          "districtIds": [
            "general-election-id_1",
            "general-election-id_575000083",
            "general-election-id_100000174",
            "general-election-id_100000047",
          ],
          "id": "general-election-id_775002728",
          "name": "Southwest Springfield - Split #4",
        },
      ],
    },
    {
      "id": "general-election-id_6539",
      "name": "West Willow",
      "splits": [
        {
          "districtIds": [
            "general-election-id_1",
            "general-election-id_100000047",
            "general-election-id_575000082",
            "general-election-id_100000174",
            "general-election-id_575000503",
          ],
          "id": "general-election-id_22728",
          "name": "West Willow - Split #1",
        },
        {
          "districtIds": [
            "general-election-id_1",
            "general-election-id_100000047",
            "general-election-id_100000174",
            "general-election-id_575000082",
            "general-election-id_575000503",
          ],
          "id": "general-election-id_775001118",
          "name": "West Willow - Split #2",
        },
      ],
    },
  ],
  "seal": "TODO",
  "state": "State of Mississippi",
  "title": "General Election",
  "type": "general",
}
`;

exports[`convert primary election 1`] = `
{
  "ballotLayout": {
    "metadataEncoding": "qr-code",
    "paperSize": "letter",
  },
  "ballotStrings": {},
  "ballotStyles": [],
  "contests": [
    {
      "allowWriteIns": true,
      "candidates": [
        {
          "firstName": "Brandon",
          "id": "primary-election-id_775039520",
          "lastName": "Hartwell",
          "middleName": "",
          "name": "Brandon Hartwell",
          "partyIds": [
            "primary-election-id_2",
          ],
        },
      ],
      "districtId": "primary-election-id_100000275",
      "id": "primary-election-id_775024755",
      "partyId": "primary-election-id_2",
      "seats": 1,
      "termDescription": "4 YEAR TERM",
      "title": "Governor",
      "type": "candidate",
    },
    {
      "allowWriteIns": true,
      "candidates": [
        {
          "firstName": "D.",
          "id": "primary-election-id_775039674",
          "lastName": "Stevens",
          "middleName": "Ryan",
          "name": "D. Ryan Stevens",
          "partyIds": [
            "primary-election-id_2",
          ],
        },
      ],
      "districtId": "primary-election-id_100000275",
      "id": "primary-election-id_775024769",
      "partyId": "primary-election-id_2",
      "seats": 1,
      "termDescription": "4 YEAR TERM",
      "title": "Lieutenant Governor",
      "type": "candidate",
    },
    {
      "allowWriteIns": true,
      "candidates": [
        {
          "firstName": "Marcus",
          "id": "primary-election-id_775039522",
          "lastName": "Taylor",
          "middleName": "A.",
          "name": "Marcus A. Taylor",
          "partyIds": [
            "primary-election-id_2",
          ],
        },
      ],
      "districtId": "primary-election-id_100000275",
      "id": "primary-election-id_775024759",
      "partyId": "primary-election-id_2",
      "seats": 1,
      "termDescription": "4 YEAR TERM",
      "title": "Secretary Of State",
      "type": "candidate",
    },
    {
      "allowWriteIns": true,
      "candidates": [
        {
          "firstName": "Helen",
          "id": "primary-election-id_775039521",
          "lastName": "Martin",
          "middleName": "Reynolds",
          "name": "Helen Reynolds Martin",
          "partyIds": [
            "primary-election-id_2",
          ],
        },
      ],
      "districtId": "primary-election-id_100000275",
      "id": "primary-election-id_775024753",
      "partyId": "primary-election-id_2",
      "seats": 1,
      "termDescription": "4 YEAR TERM",
      "title": "Attorney General",
      "type": "candidate",
    },
    {
      "allowWriteIns": true,
      "candidates": [
        {
          "firstName": "Larry",
          "id": "primary-election-id_775039974",
          "lastName": "Morrison",
          "middleName": "",
          "name": "Larry Morrison",
          "partyIds": [
            "primary-election-id_2",
          ],
        },
      ],
      "districtId": "primary-election-id_100000275",
      "id": "primary-election-id_775024765",
      "partyId": "primary-election-id_2",
      "seats": 1,
      "termDescription": "4 YEAR TERM",
      "title": "State Auditor",
      "type": "candidate",
    },
    {
      "allowWriteIns": true,
      "candidates": [
        {
          "firstName": "Denise",
          "id": "primary-election-id_775039523",
          "lastName": "Walker",
          "middleName": "L.",
          "name": "Denise L. Walker",
          "partyIds": [
            "primary-election-id_2",
          ],
        },
      ],
      "districtId": "primary-election-id_100000275",
      "id": "primary-election-id_775024767",
      "partyId": "primary-election-id_2",
      "seats": 1,
      "termDescription": "4 YEAR TERM",
      "title": "State Treasurer",
      "type": "candidate",
    },
    {
      "allowWriteIns": true,
      "candidates": [
        {
          "firstName": "Robert",
          "id": "primary-election-id_775039672",
          "lastName": "Sr.",
          "middleName": "'Bob' Morrison",
          "name": "Robert 'Bob' Morrison Sr.",
          "partyIds": [
            "primary-election-id_2",
          ],
        },
        {
          "firstName": "Bethany",
          "id": "primary-election-id_775039671",
          "lastName": "Hughes",
          "middleName": "",
          "name": "Bethany Hughes",
          "partyIds": [
            "primary-election-id_2",
          ],
        },
        {
          "firstName": "Terry",
          "id": "primary-election-id_775039669",
          "lastName": "II",
          "middleName": "Porter",
          "name": "Terry Porter II",
          "partyIds": [
            "primary-election-id_2",
          ],
        },
      ],
      "districtId": "primary-election-id_100000275",
      "id": "primary-election-id_775024761",
      "partyId": "primary-election-id_2",
      "seats": 1,
      "termDescription": "4 YEAR TERM",
      "title": "Commissioner Of Agriculture & Commerce",
      "type": "candidate",
    },
    {
      "allowWriteIns": true,
      "candidates": [
        {
          "firstName": "Bruce",
          "id": "primary-election-id_775039528",
          "lastName": "Fletcher",
          "middleName": "",
          "name": "Bruce Fletcher",
          "partyIds": [
            "primary-election-id_2",
          ],
        },
      ],
      "districtId": "primary-election-id_100000275",
      "id": "primary-election-id_775024770",
      "partyId": "primary-election-id_2",
      "seats": 1,
      "termDescription": "4 YEAR TERM",
      "title": "Commissioner Of Insurance",
      "type": "candidate",
    },
    {
      "allowWriteIns": true,
      "candidates": [
        {
          "firstName": "Michael",
          "id": "primary-election-id_775039605",
          "lastName": "Wright",
          "middleName": "S.",
          "name": "Michael S. Wright",
          "partyIds": [
            "primary-election-id_2",
          ],
        },
        {
          "firstName": "Brenda",
          "id": "primary-election-id_775039691",
          "lastName": "Bennett",
          "middleName": "F.",
          "name": "Brenda F. Bennett",
          "partyIds": [
            "primary-election-id_2",
          ],
        },
      ],
      "districtId": "primary-election-id_100000367",
      "id": "primary-election-id_775024794",
      "partyId": "primary-election-id_2",
      "seats": 1,
      "termDescription": "4 YEAR TERM",
      "title": "District 11",
      "type": "candidate",
    },
    {
      "allowWriteIns": true,
      "candidates": [
        {
          "firstName": "Reginald",
          "id": "primary-election-id_775039507",
          "lastName": "Morris",
          "middleName": "D.",
          "name": "Reginald D. Morris",
          "partyIds": [
            "primary-election-id_2",
          ],
        },
      ],
      "districtId": "primary-election-id_100000231",
      "id": "primary-election-id_775024818",
      "partyId": "primary-election-id_2",
      "seats": 1,
      "termDescription": "4 YEAR TERM",
      "title": "District 11",
      "type": "candidate",
    },
    {
      "allowWriteIns": true,
      "candidates": [
        {
          "firstName": "Cedric",
          "id": "primary-election-id_775039749",
          "lastName": "Carter",
          "middleName": "",
          "name": "Cedric Carter",
          "partyIds": [
            "primary-election-id_2",
          ],
        },
      ],
      "districtId": "primary-election-id_100000059",
      "id": "primary-election-id_775024876",
      "partyId": "primary-election-id_2",
      "seats": 1,
      "termDescription": "4 YEAR TERM",
      "title": "District 09",
      "type": "candidate",
    },
    {
      "allowWriteIns": true,
      "candidates": [
        {
          "firstName": "Trevor",
          "id": "primary-election-id_775038392",
          "lastName": "Peterson",
          "middleName": "",
          "name": "Trevor Peterson",
          "partyIds": [
            "primary-election-id_2",
          ],
        },
        {
          "firstName": "Rena",
          "id": "primary-election-id_775040664",
          "lastName": "Keeler",
          "middleName": "Collins",
          "name": "Rena Collins Keeler",
          "partyIds": [
            "primary-election-id_2",
          ],
        },
        {
          "firstName": "Oliver",
          "id": "primary-election-id_775038396",
          "lastName": "Jr.",
          "middleName": "Adams,",
          "name": "Oliver Adams, Jr.",
          "partyIds": [
            "primary-election-id_2",
          ],
        },
      ],
      "districtId": "primary-election-id_100000335",
      "id": "primary-election-id_775027035",
      "partyId": "primary-election-id_2",
      "seats": 1,
      "termDescription": "4 YEAR TERM",
      "title": "Sheriff",
      "type": "candidate",
    },
    {
      "allowWriteIns": true,
      "candidates": [
        {
          "firstName": "Thomas",
          "id": "primary-election-id_775040665",
          "lastName": "Davidson",
          "middleName": "H. 'Tom'",
          "name": "Thomas H. 'Tom' Davidson",
          "partyIds": [
            "primary-election-id_2",
          ],
        },
        {
          "firstName": "Joe",
          "id": "primary-election-id_775038417",
          "lastName": "Roberts",
          "middleName": "W.",
          "name": "Joe W. Roberts",
          "partyIds": [
            "primary-election-id_2",
          ],
        },
      ],
      "districtId": "primary-election-id_100000335",
      "id": "primary-election-id_775027031",
      "partyId": "primary-election-id_2",
      "seats": 1,
      "termDescription": "4 YEAR TERM",
      "title": "Chancery Clerk",
      "type": "candidate",
    },
    {
      "allowWriteIns": true,
      "candidates": [
        {
          "firstName": "Sandra",
          "id": "primary-election-id_775040669",
          "lastName": "Jamison",
          "middleName": "Murphy",
          "name": "Sandra Murphy Jamison",
          "partyIds": [
            "primary-election-id_2",
          ],
        },
        {
          "firstName": "Tea",
          "id": "primary-election-id_775038391",
          "lastName": "Keeler",
          "middleName": "Hayes",
          "name": "Tea Hayes Keeler",
          "partyIds": [
            "primary-election-id_2",
          ],
        },
      ],
      "districtId": "primary-election-id_100000335",
      "id": "primary-election-id_775027032",
      "partyId": "primary-election-id_2",
      "seats": 1,
      "termDescription": "4 YEAR TERM",
      "title": "Circuit Clerk",
      "type": "candidate",
    },
    {
      "allowWriteIns": true,
      "candidates": [
        {
          "firstName": "Alice",
          "id": "primary-election-id_775040696",
          "lastName": "Roberts",
          "middleName": "",
          "name": "Alice Roberts",
          "partyIds": [
            "primary-election-id_2",
          ],
        },
      ],
      "districtId": "primary-election-id_100000335",
      "id": "primary-election-id_775027036",
      "partyId": "primary-election-id_2",
      "seats": 1,
      "termDescription": "4 YEAR TERM",
      "title": "Tax Collector Assessor",
      "type": "candidate",
    },
    {
      "allowWriteIns": true,
      "candidates": [
        {
          "firstName": "Randy",
          "id": "primary-election-id_775041806",
          "lastName": "Russell",
          "middleName": "",
          "name": "Randy Russell",
          "partyIds": [
            "primary-election-id_2",
          ],
        },
        {
          "firstName": "Joyce",
          "id": "primary-election-id_775038395",
          "lastName": "Houston",
          "middleName": "Garcia",
          "name": "Joyce Garcia Houston",
          "partyIds": [
            "primary-election-id_2",
          ],
        },
      ],
      "districtId": "primary-election-id_100000335",
      "id": "primary-election-id_775027033",
      "partyId": "primary-election-id_2",
      "seats": 1,
      "termDescription": "4 YEAR TERM",
      "title": "Coroner",
      "type": "candidate",
    },
    {
      "allowWriteIns": true,
      "candidates": [
        {
          "firstName": "Michael",
          "id": "primary-election-id_775040750",
          "lastName": "Graham",
          "middleName": "",
          "name": "Michael Graham",
          "partyIds": [
            "primary-election-id_2",
          ],
        },
      ],
      "districtId": "primary-election-id_100000335",
      "id": "primary-election-id_775027034",
      "partyId": "primary-election-id_2",
      "seats": 1,
      "termDescription": "4 YEAR TERM",
      "title": "County Prosecuting Attorney",
      "type": "candidate",
    },
    {
      "allowWriteIns": true,
      "candidates": [
        {
          "firstName": "Sheridan",
          "id": "primary-election-id_775040697",
          "lastName": "Turner",
          "middleName": "W.",
          "name": "Sheridan W. Turner",
          "partyIds": [
            "primary-election-id_2",
          ],
        },
        {
          "firstName": "C.",
          "id": "primary-election-id_775038420",
          "lastName": "Wilson",
          "middleName": "W. 'Doc'",
          "name": "C. W. 'Doc' Wilson",
          "partyIds": [
            "primary-election-id_2",
          ],
        },
        {
          "firstName": "Dean",
          "id": "primary-election-id_775040704",
          "lastName": "Cooper",
          "middleName": "",
          "name": "Dean Cooper",
          "partyIds": [
            "primary-election-id_2",
          ],
        },
        {
          "firstName": "Reginald",
          "id": "primary-election-id_775038419",
          "lastName": "Campbell",
          "middleName": "",
          "name": "Reginald Campbell",
          "partyIds": [
            "primary-election-id_2",
          ],
        },
      ],
      "districtId": "primary-election-id_775000420",
      "id": "primary-election-id_775027037",
      "partyId": "primary-election-id_2",
      "seats": 1,
      "termDescription": "4 YEAR TERM",
      "title": "Supervisor District 1",
      "type": "candidate",
    },
    {
      "allowWriteIns": true,
      "candidates": [
        {
          "firstName": "Greg",
          "id": "primary-election-id_775040714",
          "lastName": "Mitchell",
          "middleName": "'Mitch'",
          "name": "Greg 'Mitch' Mitchell",
          "partyIds": [
            "primary-election-id_2",
          ],
        },
      ],
      "districtId": "primary-election-id_775000421",
      "id": "primary-election-id_775027038",
      "partyId": "primary-election-id_2",
      "seats": 1,
      "termDescription": "4 YEAR TERM",
      "title": "Supervisor District 2",
      "type": "candidate",
    },
    {
      "allowWriteIns": true,
      "candidates": [
        {
          "firstName": "Phillip",
          "id": "primary-election-id_775040718",
          "lastName": "Woods",
          "middleName": "",
          "name": "Phillip Woods",
          "partyIds": [
            "primary-election-id_2",
          ],
        },
        {
          "firstName": "Johnny",
          "id": "primary-election-id_775040719",
          "lastName": "Jr.",
          "middleName": "Sanders,",
          "name": "Johnny Sanders, Jr.",
          "partyIds": [
            "primary-election-id_2",
          ],
        },
      ],
      "districtId": "primary-election-id_775000422",
      "id": "primary-election-id_775027039",
      "partyId": "primary-election-id_2",
      "seats": 1,
      "termDescription": "4 YEAR TERM",
      "title": "Supervisors",
      "type": "candidate",
    },
    {
      "allowWriteIns": true,
      "candidates": [
        {
          "firstName": "Robert",
          "id": "primary-election-id_775038426",
          "lastName": "Jr.",
          "middleName": "E. Bailey,",
          "name": "Robert E. Bailey, Jr.",
          "partyIds": [
            "primary-election-id_2",
          ],
        },
        {
          "firstName": "Manuel",
          "id": "primary-election-id_775040729",
          "lastName": "Sr.",
          "middleName": "Howard,",
          "name": "Manuel Howard, Sr.",
          "partyIds": [
            "primary-election-id_2",
          ],
        },
        {
          "firstName": "Michael",
          "id": "primary-election-id_775040727",
          "lastName": "Sullivan",
          "middleName": "",
          "name": "Michael Sullivan",
          "partyIds": [
            "primary-election-id_2",
          ],
        },
      ],
      "districtId": "primary-election-id_775000423",
      "id": "primary-election-id_775027040",
      "partyId": "primary-election-id_2",
      "seats": 1,
      "termDescription": "4 YEAR TERM",
      "title": "Supervisor District 4",
      "type": "candidate",
    },
    {
      "allowWriteIns": true,
      "candidates": [
        {
          "firstName": "Jeremy",
          "id": "primary-election-id_775040733",
          "lastName": "Jenkins",
          "middleName": "",
          "name": "Jeremy Jenkins",
          "partyIds": [
            "primary-election-id_2",
          ],
        },
        {
          "firstName": "Larry",
          "id": "primary-election-id_775038427",
          "lastName": "Roberts",
          "middleName": "L.",
          "name": "Larry L. Roberts",
          "partyIds": [
            "primary-election-id_2",
          ],
        },
      ],
      "districtId": "primary-election-id_775000424",
      "id": "primary-election-id_775027041",
      "partyId": "primary-election-id_2",
      "seats": 1,
      "termDescription": "4 YEAR TERM",
      "title": "Supervisor District 5",
      "type": "candidate",
    },
    {
      "allowWriteIns": true,
      "candidates": [
        {
          "firstName": "Brenda",
          "id": "primary-election-id_775038411",
          "lastName": "Peterson",
          "middleName": "W.",
          "name": "Brenda W. Peterson",
          "partyIds": [
            "primary-election-id_2",
          ],
        },
      ],
      "districtId": "primary-election-id_775000430",
      "id": "primary-election-id_775027030",
      "partyId": "primary-election-id_2",
      "seats": 1,
      "termDescription": "4 YEAR TERM",
      "title": "Justice Court Judge",
      "type": "candidate",
    },
    {
      "allowWriteIns": true,
      "candidates": [
        {
          "firstName": "Larry",
          "id": "primary-election-id_775040742",
          "lastName": "Edwards",
          "middleName": "'Coach'",
          "name": "Larry 'Coach' Edwards",
          "partyIds": [
            "primary-election-id_2",
          ],
        },
        {
          "firstName": "Milton",
          "id": "primary-election-id_775040744",
          "lastName": "Sr.",
          "middleName": "R. Robinson,",
          "name": "Milton R. Robinson, Sr.",
          "partyIds": [
            "primary-election-id_2",
          ],
        },
      ],
      "districtId": "primary-election-id_775000431",
      "id": "primary-election-id_775027029",
      "partyId": "primary-election-id_2",
      "seats": 1,
      "termDescription": "4 YEAR TERM",
      "title": "Justice Court Judge  District 2",
      "type": "candidate",
    },
    {
      "allowWriteIns": true,
      "candidates": [
        {
          "firstName": "Tyrone",
          "id": "primary-election-id_775040747",
          "lastName": "Washington",
          "middleName": "",
          "name": "Tyrone Washington",
          "partyIds": [
            "primary-election-id_2",
          ],
        },
      ],
      "districtId": "primary-election-id_775000432",
      "id": "primary-election-id_775027027",
      "partyId": "primary-election-id_2",
      "seats": 1,
      "termDescription": "4 YEAR TERM",
      "title": "Constable District 1",
      "type": "candidate",
    },
    {
      "allowWriteIns": true,
      "candidates": [
        {
          "firstName": "Tommy",
          "id": "primary-election-id_775040748",
          "lastName": "Nelson",
          "middleName": "",
          "name": "Tommy Nelson",
          "partyIds": [
            "primary-election-id_2",
          ],
        },
      ],
      "districtId": "primary-election-id_775000433",
      "id": "primary-election-id_775027028",
      "partyId": "primary-election-id_2",
      "seats": 1,
      "termDescription": "4 YEAR TERM",
      "title": "Constable",
      "type": "candidate",
    },
    {
      "allowWriteIns": true,
      "candidates": [
        {
          "firstName": "David",
          "id": "primary-election-id_775039164",
          "lastName": "Armstrong",
          "middleName": "",
          "name": "David Armstrong",
          "partyIds": [
            "primary-election-id_3",
          ],
        },
        {
          "firstName": "Tate",
          "id": "primary-election-id_775039661",
          "lastName": "Matthews",
          "middleName": "",
          "name": "Tate Matthews",
          "partyIds": [
            "primary-election-id_3",
          ],
        },
        {
          "firstName": "John",
          "id": "primary-election-id_775039163",
          "lastName": "Crawford",
          "middleName": "",
          "name": "John Crawford",
          "partyIds": [
            "primary-election-id_3",
          ],
        },
      ],
      "districtId": "primary-election-id_100000275",
      "id": "primary-election-id_775024756",
      "partyId": "primary-election-id_3",
      "seats": 1,
      "termDescription": "4 YEAR TERM",
      "title": "Governor",
      "type": "candidate",
    },
    {
      "allowWriteIns": true,
      "candidates": [
        {
          "firstName": "Delbert",
          "id": "primary-election-id_775039662",
          "lastName": "Richardson",
          "middleName": "",
          "name": "Delbert Richardson",
          "partyIds": [
            "primary-election-id_3",
          ],
        },
        {
          "firstName": "Tiffany",
          "id": "primary-election-id_775039167",
          "lastName": "Lopez",
          "middleName": "",
          "name": "Tiffany Lopez",
          "partyIds": [
            "primary-election-id_3",
          ],
        },
        {
          "firstName": "Chris",
          "id": "primary-election-id_775039165",
          "lastName": "Freeman",
          "middleName": "",
          "name": "Chris Freeman",
          "partyIds": [
            "primary-election-id_3",
          ],
        },
      ],
      "districtId": "primary-election-id_100000275",
      "id": "primary-election-id_775024758",
      "partyId": "primary-election-id_3",
      "seats": 1,
      "termDescription": "4 YEAR TERM",
      "title": "Lieutenant Governor",
      "type": "candidate",
    },
    {
      "allowWriteIns": true,
      "candidates": [
        {
          "firstName": "Michael",
          "id": "primary-election-id_775039663",
          "lastName": "Phillips",
          "middleName": "",
          "name": "Michael Phillips",
          "partyIds": [
            "primary-election-id_3",
          ],
        },
      ],
      "districtId": "primary-election-id_100000275",
      "id": "primary-election-id_775024760",
      "partyId": "primary-election-id_3",
      "seats": 1,
      "termDescription": "4 YEAR TERM",
      "title": "Secretary Of State",
      "type": "candidate",
    },
    {
      "allowWriteIns": true,
      "candidates": [
        {
          "firstName": "Lynn",
          "id": "primary-election-id_775039660",
          "lastName": "Morgan",
          "middleName": "",
          "name": "Lynn Morgan",
          "partyIds": [
            "primary-election-id_3",
          ],
        },
      ],
      "districtId": "primary-election-id_100000275",
      "id": "primary-election-id_775024754",
      "partyId": "primary-election-id_3",
      "seats": 1,
      "termDescription": "4 YEAR TERM",
      "title": "Attorney General",
      "type": "candidate",
    },
    {
      "allowWriteIns": true,
      "candidates": [
        {
          "firstName": "David",
          "id": "primary-election-id_775039666",
          "lastName": "Hamilton",
          "middleName": "",
          "name": "David Hamilton",
          "partyIds": [
            "primary-election-id_3",
          ],
        },
      ],
      "districtId": "primary-election-id_100000275",
      "id": "primary-election-id_775024768",
      "partyId": "primary-election-id_3",
      "seats": 1,
      "termDescription": "4 YEAR TERM",
      "title": "State Treasurer",
      "type": "candidate",
    },
    {
      "allowWriteIns": true,
      "candidates": [
        {
          "firstName": "Andy",
          "id": "primary-election-id_775039664",
          "lastName": "Bradley",
          "middleName": "",
          "name": "Andy Bradley",
          "partyIds": [
            "primary-election-id_3",
          ],
        },
      ],
      "districtId": "primary-election-id_100000275",
      "id": "primary-election-id_775024762",
      "partyId": "primary-election-id_3",
      "seats": 1,
      "termDescription": "4 YEAR TERM",
      "title": "Commissioner Of Agriculture & Commerce",
      "type": "candidate",
    },
    {
      "allowWriteIns": true,
      "candidates": [
        {
          "firstName": "Mike",
          "id": "primary-election-id_775039665",
          "lastName": "Spencer",
          "middleName": "",
          "name": "Mike Spencer",
          "partyIds": [
            "primary-election-id_3",
          ],
        },
        {
          "firstName": "Mitch",
          "id": "primary-election-id_775039168",
          "lastName": "Clark",
          "middleName": "",
          "name": "Mitch Clark",
          "partyIds": [
            "primary-election-id_3",
          ],
        },
      ],
      "districtId": "primary-election-id_100000275",
      "id": "primary-election-id_775024764",
      "partyId": "primary-election-id_3",
      "seats": 1,
      "termDescription": "4 YEAR TERM",
      "title": "Commissioner Of Insurance",
      "type": "candidate",
    },
    {
      "allowWriteIns": true,
      "candidates": [
        {
          "firstName": "Shad",
          "id": "primary-election-id_775039911",
          "lastName": "Bennett",
          "middleName": "",
          "name": "Shad Bennett",
          "partyIds": [
            "primary-election-id_3",
          ],
        },
      ],
      "districtId": "primary-election-id_100000275",
      "id": "primary-election-id_775025007",
      "partyId": "primary-election-id_3",
      "seats": 1,
      "termDescription": "4 YEAR TERM",
      "title": "State Auditor",
      "type": "candidate",
    },
    {
      "allowWriteIns": true,
      "candidates": [
        {
          "firstName": "Chris",
          "id": "primary-election-id_775039272",
          "lastName": "Patterson",
          "middleName": "",
          "name": "Chris Patterson",
          "partyIds": [
            "primary-election-id_3",
          ],
        },
        {
          "firstName": "Tanner",
          "id": "primary-election-id_775039271",
          "lastName": "Harris",
          "middleName": "",
          "name": "Tanner Harris",
          "partyIds": [
            "primary-election-id_3",
          ],
        },
      ],
      "districtId": "primary-election-id_575001705",
      "id": "primary-election-id_775024796",
      "partyId": "primary-election-id_3",
      "seats": 1,
      "termDescription": "4 YEAR TERM",
      "title": "Northern District",
      "type": "candidate",
    },
    {
      "allowWriteIns": true,
      "candidates": [
        {
          "firstName": "John",
          "id": "primary-election-id_775039696",
          "lastName": "Thompson",
          "middleName": "",
          "name": "John Thompson",
          "partyIds": [
            "primary-election-id_3",
          ],
        },
      ],
      "districtId": "primary-election-id_575001697",
      "id": "primary-election-id_775024802",
      "partyId": "primary-election-id_3",
      "seats": 1,
      "termDescription": "4 YEAR TERM",
      "title": "Northern District",
      "type": "candidate",
    },
    {
      "allowWriteIns": true,
      "candidates": [
        {
          "firstName": "Randy",
          "id": "primary-election-id_775040463",
          "lastName": "Reynolds",
          "middleName": "",
          "name": "Randy Reynolds",
          "partyIds": [
            "primary-election-id_3",
          ],
        },
      ],
      "districtId": "primary-election-id_100000059",
      "id": "primary-election-id_775025288",
      "partyId": "primary-election-id_3",
      "seats": 1,
      "termDescription": "4 YEAR TERM",
      "title": "District 09",
      "type": "candidate",
    },
  ],
  "county": {
    "id": "primary-election-id_60",
    "name": "Quitman County",
  },
  "date": "2023-08-08",
  "districts": [
    {
      "id": "primary-election-id_100000275",
      "name": "State Of Mississippi",
    },
    {
      "id": "primary-election-id_575001705",
      "name": "Public Service Commissioner",
    },
    {
      "id": "primary-election-id_575001697",
      "name": "Transportation Commissioner",
    },
    {
      "id": "primary-election-id_100000367",
      "name": "District Attorney 11",
    },
    {
      "id": "primary-election-id_100000231",
      "name": "State Senate 11",
    },
    {
      "id": "primary-election-id_100000059",
      "name": "State House Of Rep 09",
    },
    {
      "id": "primary-election-id_100000335",
      "name": "Brookfield",
    },
    {
      "id": "primary-election-id_775000420",
      "name": "Supervisor 1",
    },
    {
      "id": "primary-election-id_775000421",
      "name": "Supervisor 2",
    },
    {
      "id": "primary-election-id_775000422",
      "name": "Supervisor 3",
    },
    {
      "id": "primary-election-id_775000423",
      "name": "Supervisor 4",
    },
    {
      "id": "primary-election-id_775000424",
      "name": "Supervisor 5",
    },
    {
      "id": "primary-election-id_775000430",
      "name": "Justice Court Judge 1",
    },
    {
      "id": "primary-election-id_775000431",
      "name": "Justice Court Judge  2",
    },
    {
      "id": "primary-election-id_775000432",
      "name": "Constable  1",
    },
    {
      "id": "primary-election-id_775000433",
      "name": "Constable 2",
    },
  ],
  "id": "primary-election-id",
  "parties": [
    {
      "abbrev": "D",
      "fullName": "Democratic Party",
      "id": "primary-election-id_2",
      "name": "Democrat",
    },
    {
      "abbrev": "R",
      "fullName": "Republican Party",
      "id": "primary-election-id_3",
      "name": "Republican",
    },
    {
      "abbrev": "L",
      "fullName": "Libertarian Party",
      "id": "primary-election-id_4",
      "name": "Libertarian",
    },
    {
      "abbrev": "REF",
      "fullName": "Reform Party",
      "id": "primary-election-id_5",
      "name": "Reform",
    },
    {
      "abbrev": "N",
      "fullName": "Natural Law Party",
      "id": "primary-election-id_6",
      "name": "Natural Law",
    },
    {
      "abbrev": "C",
      "fullName": "Constitution Party",
      "id": "primary-election-id_8",
      "name": "Constitution",
    },
    {
      "abbrev": "G",
      "fullName": "Green Party",
      "id": "primary-election-id_9",
      "name": "Green",
    },
    {
      "abbrev": "A",
      "fullName": "America First Party",
      "id": "primary-election-id_10",
      "name": "America First",
    },
    {
      "abbrev": "I",
      "fullName": "Independent Party",
      "id": "primary-election-id_11",
      "name": "Independent",
    },
    {
      "abbrev": "NP",
      "fullName": "Nonpartisan",
      "id": "primary-election-id_12",
      "name": "Nonpartisan",
    },
    {
      "abbrev": "JUS",
      "fullName": "Justice Party",
      "id": "primary-election-id_575000001",
      "name": "Justice",
    },
    {
      "abbrev": "PRO",
      "fullName": "Prohibition Party",
      "id": "primary-election-id_575000002",
      "name": "Prohibition",
    },
    {
      "abbrev": "ADP",
      "fullName": "American Delta Party",
      "id": "primary-election-id_575000003",
      "name": "American Delta",
    },
    {
      "abbrev": "VET",
      "fullName": "Veterans Party",
      "id": "primary-election-id_575000004",
      "name": "Veterans",
    },
    {
      "abbrev": "ASP",
      "fullName": "American Solidarity Party",
      "id": "primary-election-id_775000001",
      "name": "American Solidarity",
    },
    {
      "abbrev": "AMC",
      "fullName": "American Constitution Party",
      "id": "primary-election-id_775000002",
      "name": "American Constitution",
    },
  ],
  "precincts": [
    {
      "id": "primary-election-id_7413",
      "name": "Hillcrest",
      "splits": [
        {
          "districtIds": [
            "primary-election-id_100000059",
            "primary-election-id_100000231",
            "primary-election-id_100000275",
            "primary-election-id_100000335",
            "primary-election-id_100000367",
            "primary-election-id_575001697",
            "primary-election-id_575001705",
            "primary-election-id_775000420",
            "primary-election-id_775000430",
            "primary-election-id_775000432",
          ],
          "id": "primary-election-id_25941",
          "name": "Hillcrest - Split #1",
        },
        {
          "districtIds": [
            "primary-election-id_100000335",
            "primary-election-id_100000275",
            "primary-election-id_100000231",
            "primary-election-id_100000059",
            "primary-election-id_775000432",
            "primary-election-id_575001697",
            "primary-election-id_575001705",
            "primary-election-id_775000420",
            "primary-election-id_775000430",
            "primary-election-id_100000367",
          ],
          "id": "primary-election-id_775000405",
          "name": "Hillcrest - Split #2",
        },
        {
          "districtIds": [
            "primary-election-id_100000335",
            "primary-election-id_100000275",
            "primary-election-id_100000231",
            "primary-election-id_100000059",
            "primary-election-id_100000367",
            "primary-election-id_775000432",
            "primary-election-id_775000430",
            "primary-election-id_775000420",
            "primary-election-id_575001705",
            "primary-election-id_575001697",
          ],
          "id": "primary-election-id_775000406",
          "name": "Hillcrest - Split #3",
        },
      ],
    },
    {
      "id": "primary-election-id_7414",
      "name": "Milltown",
      "splits": [
        {
          "districtIds": [
            "primary-election-id_100000059",
            "primary-election-id_100000231",
            "primary-election-id_100000275",
            "primary-election-id_100000335",
            "primary-election-id_100000367",
            "primary-election-id_575001697",
            "primary-election-id_575001705",
            "primary-election-id_775000420",
            "primary-election-id_775000430",
            "primary-election-id_775000432",
          ],
          "id": "primary-election-id_25948",
          "name": "Milltown - Split #1",
        },
        {
          "districtIds": [
            "primary-election-id_775000430",
            "primary-election-id_775000420",
            "primary-election-id_775000432",
            "primary-election-id_100000059",
            "primary-election-id_100000231",
            "primary-election-id_100000275",
            "primary-election-id_100000335",
            "primary-election-id_100000367",
            "primary-election-id_575001697",
            "primary-election-id_575001705",
          ],
          "id": "primary-election-id_575000304",
          "name": "Milltown - Split #2",
        },
      ],
    },
    {
      "id": "primary-election-id_7417",
      "name": "District 3 North",
      "splits": [
        {
          "districtIds": [
            "primary-election-id_100000059",
            "primary-election-id_100000231",
            "primary-election-id_100000275",
            "primary-election-id_100000335",
            "primary-election-id_100000367",
            "primary-election-id_575001697",
            "primary-election-id_575001705",
            "primary-election-id_775000422",
            "primary-election-id_775000430",
            "primary-election-id_775000432",
          ],
          "id": "primary-election-id_25953",
          "name": "District 3 North - Split #1",
        },
        {
          "districtIds": [
            "primary-election-id_775000430",
            "primary-election-id_775000422",
            "primary-election-id_575001705",
            "primary-election-id_575001697",
            "primary-election-id_100000367",
            "primary-election-id_100000335",
            "primary-election-id_100000275",
            "primary-election-id_100000231",
            "primary-election-id_100000059",
            "primary-election-id_775000432",
          ],
          "id": "primary-election-id_575000317",
          "name": "District 3 North - Split #2",
        },
        {
          "districtIds": [
            "primary-election-id_100000059",
            "primary-election-id_100000231",
            "primary-election-id_100000275",
            "primary-election-id_100000335",
            "primary-election-id_775000432",
            "primary-election-id_775000422",
            "primary-election-id_575001705",
            "primary-election-id_575001697",
            "primary-election-id_100000367",
            "primary-election-id_775000430",
          ],
          "id": "primary-election-id_575000320",
          "name": "District 3 North - Split #3",
        },
        {
          "districtIds": [
            "primary-election-id_575001697",
            "primary-election-id_100000367",
            "primary-election-id_775000430",
            "primary-election-id_775000432",
            "primary-election-id_775000422",
            "primary-election-id_100000275",
            "primary-election-id_100000231",
            "primary-election-id_100000059",
            "primary-election-id_575001705",
            "primary-election-id_100000335",
          ],
          "id": "primary-election-id_575003011",
          "name": "District 3 North - Split #4",
        },
        {
          "districtIds": [
            "primary-election-id_775000430",
            "primary-election-id_775000422",
            "primary-election-id_775000432",
            "primary-election-id_100000059",
            "primary-election-id_100000231",
            "primary-election-id_100000275",
            "primary-election-id_100000335",
            "primary-election-id_100000367",
            "primary-election-id_575001697",
            "primary-election-id_575001705",
          ],
          "id": "primary-election-id_775000278",
          "name": "District 3 North - Split #5",
        },
      ],
    },
    {
      "id": "primary-election-id_7418",
      "name": "North West Westfield",
      "splits": [
        {
          "districtIds": [
            "primary-election-id_775000432",
            "primary-election-id_100000059",
            "primary-election-id_100000231",
            "primary-election-id_100000275",
            "primary-election-id_775000430",
            "primary-election-id_100000367",
            "primary-election-id_575001697",
            "primary-election-id_575001705",
            "primary-election-id_775000421",
            "primary-election-id_100000335",
          ],
          "id": "primary-election-id_25956",
          "name": "North West Westfield - Split #1",
        },
        {
          "districtIds": [
            "primary-election-id_100000335",
            "primary-election-id_100000275",
            "primary-election-id_100000231",
            "primary-election-id_100000059",
            "primary-election-id_100000367",
            "primary-election-id_775000432",
            "primary-election-id_775000430",
            "primary-election-id_775000421",
            "primary-election-id_575001705",
            "primary-election-id_575001697",
          ],
          "id": "primary-election-id_575000319",
          "name": "North West Westfield - Split #2",
        },
        {
          "districtIds": [
            "primary-election-id_100000367",
            "primary-election-id_575001697",
            "primary-election-id_575001705",
            "primary-election-id_775000421",
            "primary-election-id_775000430",
            "primary-election-id_775000432",
            "primary-election-id_100000059",
            "primary-election-id_100000231",
            "primary-election-id_100000275",
            "primary-election-id_100000335",
          ],
          "id": "primary-election-id_575000321",
          "name": "North West Westfield - Split #3",
        },
        {
          "districtIds": [
            "primary-election-id_100000059",
            "primary-election-id_100000231",
            "primary-election-id_100000275",
            "primary-election-id_100000335",
            "primary-election-id_775000432",
            "primary-election-id_575001697",
            "primary-election-id_575001705",
            "primary-election-id_775000421",
            "primary-election-id_775000430",
            "primary-election-id_100000367",
          ],
          "id": "primary-election-id_575000322",
          "name": "North West Westfield - Split #4",
        },
        {
          "districtIds": [
            "primary-election-id_100000059",
            "primary-election-id_100000231",
            "primary-election-id_100000275",
            "primary-election-id_100000335",
            "primary-election-id_100000367",
            "primary-election-id_575001697",
            "primary-election-id_575001705",
            "primary-election-id_775000421",
            "primary-election-id_775000430",
            "primary-election-id_775000432",
          ],
          "id": "primary-election-id_575002825",
          "name": "North West Westfield - Split #5",
        },
        {
          "districtIds": [
            "primary-election-id_575001705",
            "primary-election-id_575001697",
            "primary-election-id_775000432",
            "primary-election-id_775000430",
            "primary-election-id_775000421",
            "primary-election-id_100000059",
            "primary-election-id_100000231",
            "primary-election-id_100000275",
            "primary-election-id_100000335",
            "primary-election-id_100000367",
          ],
          "id": "primary-election-id_575003010",
          "name": "North West Westfield - Split #6",
        },
        {
          "districtIds": [
            "primary-election-id_100000059",
            "primary-election-id_775000430",
            "primary-election-id_775000421",
            "primary-election-id_575001705",
            "primary-election-id_775000432",
            "primary-election-id_100000367",
            "primary-election-id_100000335",
            "primary-election-id_100000275",
            "primary-election-id_100000231",
            "primary-election-id_575001697",
          ],
          "id": "primary-election-id_775000279",
          "name": "North West Westfield - Split #7",
        },
      ],
    },
    {
      "id": "primary-election-id_7419",
      "name": "District 3 South",
      "splits": [
        {
          "districtIds": [
            "primary-election-id_100000335",
            "primary-election-id_775000433",
            "primary-election-id_775000431",
            "primary-election-id_775000422",
            "primary-election-id_575001705",
            "primary-election-id_575001697",
            "primary-election-id_100000367",
            "primary-election-id_100000275",
            "primary-election-id_100000231",
            "primary-election-id_100000059",
          ],
          "id": "primary-election-id_25957",
          "name": "District 3 South - Split #1",
        },
        {
          "districtIds": [
            "primary-election-id_100000335",
            "primary-election-id_100000275",
            "primary-election-id_100000231",
            "primary-election-id_100000059",
            "primary-election-id_775000433",
            "primary-election-id_575001697",
            "primary-election-id_575001705",
            "primary-election-id_775000422",
            "primary-election-id_775000431",
            "primary-election-id_100000367",
          ],
          "id": "primary-election-id_575000318",
          "name": "District 3 South - Split #2",
        },
        {
          "districtIds": [
            "primary-election-id_100000059",
            "primary-election-id_100000231",
            "primary-election-id_100000275",
            "primary-election-id_100000335",
            "primary-election-id_100000367",
            "primary-election-id_575001697",
            "primary-election-id_575001705",
            "primary-election-id_775000422",
            "primary-election-id_775000431",
            "primary-election-id_775000433",
          ],
          "id": "primary-election-id_575000323",
          "name": "District 3 South - Split #3",
        },
        {
          "districtIds": [
            "primary-election-id_575001705",
            "primary-election-id_575001697",
            "primary-election-id_100000367",
            "primary-election-id_100000335",
            "primary-election-id_100000275",
            "primary-election-id_100000231",
            "primary-election-id_100000059",
            "primary-election-id_775000422",
            "primary-election-id_775000431",
            "primary-election-id_775000433",
          ],
          "id": "primary-election-id_575003023",
          "name": "District 3 South - Split #4",
        },
      ],
    },
    {
      "id": "primary-election-id_7420",
      "name": "South West Westfield",
      "splits": [
        {
          "districtIds": [
            "primary-election-id_775000431",
            "primary-election-id_775000423",
            "primary-election-id_575001705",
            "primary-election-id_575001697",
            "primary-election-id_100000367",
            "primary-election-id_100000335",
            "primary-election-id_100000275",
            "primary-election-id_100000231",
            "primary-election-id_100000059",
            "primary-election-id_775000433",
          ],
          "id": "primary-election-id_775000285",
          "name": "South West Westfield - Split #1",
        },
        {
          "districtIds": [
            "primary-election-id_100000059",
            "primary-election-id_100000231",
            "primary-election-id_100000275",
            "primary-election-id_100000335",
            "primary-election-id_775000433",
            "primary-election-id_775000423",
            "primary-election-id_575001705",
            "primary-election-id_575001697",
            "primary-election-id_100000367",
            "primary-election-id_775000431",
          ],
          "id": "primary-election-id_775002882",
          "name": "South West Westfield - Split #2",
        },
      ],
    },
    {
      "id": "primary-election-id_7421",
      "name": "West Cedar",
      "splits": [
        {
          "districtIds": [
            "primary-election-id_100000059",
            "primary-election-id_100000231",
            "primary-election-id_100000275",
            "primary-election-id_100000335",
            "primary-election-id_100000367",
            "primary-election-id_575001697",
            "primary-election-id_575001705",
            "primary-election-id_775000423",
            "primary-election-id_775000431",
            "primary-election-id_775000433",
          ],
          "id": "primary-election-id_25942",
          "name": "West Cedar - Split #1",
        },
        {
          "districtIds": [
            "primary-election-id_100000059",
            "primary-election-id_100000231",
            "primary-election-id_100000275",
            "primary-election-id_100000335",
            "primary-election-id_100000367",
            "primary-election-id_575001697",
            "primary-election-id_575001705",
            "primary-election-id_775000423",
            "primary-election-id_775000431",
            "primary-election-id_775000433",
          ],
          "id": "primary-election-id_25943",
          "name": "West Cedar - Split #2",
        },
        {
          "districtIds": [
            "primary-election-id_100000059",
            "primary-election-id_100000231",
            "primary-election-id_100000275",
            "primary-election-id_100000335",
            "primary-election-id_100000367",
            "primary-election-id_575001697",
            "primary-election-id_575001705",
            "primary-election-id_775000423",
            "primary-election-id_775000431",
            "primary-election-id_775000433",
          ],
          "id": "primary-election-id_25944",
          "name": "West Cedar - Split #3",
        },
        {
          "districtIds": [
            "primary-election-id_100000335",
            "primary-election-id_100000275",
            "primary-election-id_100000231",
            "primary-election-id_100000059",
            "primary-election-id_100000367",
            "primary-election-id_775000433",
            "primary-election-id_775000431",
            "primary-election-id_775000423",
            "primary-election-id_575001705",
            "primary-election-id_575001697",
          ],
          "id": "primary-election-id_575000331",
          "name": "West Cedar - Split #4",
        },
        {
          "districtIds": [
            "primary-election-id_100000059",
            "primary-election-id_100000231",
            "primary-election-id_100000275",
            "primary-election-id_100000335",
            "primary-election-id_775000433",
            "primary-election-id_775000423",
            "primary-election-id_575001705",
            "primary-election-id_575001697",
            "primary-election-id_100000367",
            "primary-election-id_775000431",
          ],
          "id": "primary-election-id_575000332",
          "name": "West Cedar - Split #5",
        },
      ],
    },
    {
      "id": "primary-election-id_775002456",
      "name": "North Cedar",
      "splits": [
        {
          "districtIds": [
            "primary-election-id_100000367",
            "primary-election-id_575001697",
            "primary-election-id_575001705",
            "primary-election-id_775000422",
            "primary-election-id_775000431",
            "primary-election-id_775000433",
            "primary-election-id_100000059",
            "primary-election-id_100000231",
            "primary-election-id_100000275",
            "primary-election-id_100000335",
          ],
          "id": "primary-election-id_775004036",
          "name": "North Cedar - Split #1",
        },
        {
          "districtIds": [
            "primary-election-id_100000059",
            "primary-election-id_100000231",
            "primary-election-id_775000433",
            "primary-election-id_775000431",
            "primary-election-id_775000422",
            "primary-election-id_575001705",
            "primary-election-id_575001697",
            "primary-election-id_100000367",
            "primary-election-id_100000335",
            "primary-election-id_100000275",
          ],
          "id": "primary-election-id_775004038",
          "name": "North Cedar - Split #2",
        },
        {
          "districtIds": [
            "primary-election-id_100000059",
            "primary-election-id_775000431",
            "primary-election-id_775000422",
            "primary-election-id_575001705",
            "primary-election-id_775000433",
            "primary-election-id_100000367",
            "primary-election-id_100000335",
            "primary-election-id_100000275",
            "primary-election-id_100000231",
            "primary-election-id_575001697",
          ],
          "id": "primary-election-id_775004039",
          "name": "North Cedar - Split #3",
        },
      ],
    },
    {
      "id": "primary-election-id_7422",
      "name": "Cedar",
      "splits": [
        {
          "districtIds": [
            "primary-election-id_100000059",
            "primary-election-id_100000231",
            "primary-election-id_100000275",
            "primary-election-id_100000335",
            "primary-election-id_100000367",
            "primary-election-id_575001697",
            "primary-election-id_575001705",
            "primary-election-id_775000424",
            "primary-election-id_775000431",
            "primary-election-id_775000433",
          ],
          "id": "primary-election-id_25945",
          "name": "Cedar - Split #1",
        },
        {
          "districtIds": [
            "primary-election-id_100000059",
            "primary-election-id_100000231",
            "primary-election-id_100000275",
            "primary-election-id_100000335",
            "primary-election-id_100000367",
            "primary-election-id_575001697",
            "primary-election-id_575001705",
            "primary-election-id_775000424",
            "primary-election-id_775000431",
            "primary-election-id_775000433",
          ],
          "id": "primary-election-id_25946",
          "name": "Cedar - Split #2",
        },
        {
          "districtIds": [
            "primary-election-id_775000431",
            "primary-election-id_775000424",
            "primary-election-id_775000433",
            "primary-election-id_100000059",
            "primary-election-id_100000231",
            "primary-election-id_100000275",
            "primary-election-id_100000335",
            "primary-election-id_100000367",
            "primary-election-id_575001697",
            "primary-election-id_575001705",
          ],
          "id": "primary-election-id_575000326",
          "name": "Cedar - Split #3",
        },
        {
          "districtIds": [
            "primary-election-id_100000059",
            "primary-election-id_775000431",
            "primary-election-id_775000424",
            "primary-election-id_575001705",
            "primary-election-id_775000433",
            "primary-election-id_100000367",
            "primary-election-id_100000335",
            "primary-election-id_100000275",
            "primary-election-id_100000231",
            "primary-election-id_575001697",
          ],
          "id": "primary-election-id_575000327",
          "name": "Cedar - Split #4",
        },
        {
          "districtIds": [
            "primary-election-id_775000431",
            "primary-election-id_775000424",
            "primary-election-id_575001705",
            "primary-election-id_575001697",
            "primary-election-id_100000367",
            "primary-election-id_100000335",
            "primary-election-id_100000275",
            "primary-election-id_100000231",
            "primary-election-id_100000059",
            "primary-election-id_775000433",
          ],
          "id": "primary-election-id_575000328",
          "name": "Cedar - Split #5",
        },
        {
          "districtIds": [
            "primary-election-id_100000335",
            "primary-election-id_100000275",
            "primary-election-id_100000231",
            "primary-election-id_100000059",
            "primary-election-id_775000433",
            "primary-election-id_575001697",
            "primary-election-id_575001705",
            "primary-election-id_775000424",
            "primary-election-id_775000431",
            "primary-election-id_100000367",
          ],
          "id": "primary-election-id_575000329",
          "name": "Cedar - Split #6",
        },
      ],
    },
    {
      "id": "primary-election-id_7423",
      "name": "Riverside",
      "splits": [
        {
          "districtIds": [
            "primary-election-id_100000367",
            "primary-election-id_575001697",
            "primary-election-id_575001705",
            "primary-election-id_775000424",
            "primary-election-id_775000431",
            "primary-election-id_775000433",
            "primary-election-id_100000059",
            "primary-election-id_100000231",
            "primary-election-id_100000275",
            "primary-election-id_100000335",
          ],
          "id": "primary-election-id_25947",
          "name": "Riverside - Split #1",
        },
        {
          "districtIds": [
            "primary-election-id_100000059",
            "primary-election-id_775000431",
            "primary-election-id_775000424",
            "primary-election-id_575001705",
            "primary-election-id_775000433",
            "primary-election-id_100000367",
            "primary-election-id_100000335",
            "primary-election-id_100000275",
            "primary-election-id_100000231",
            "primary-election-id_575001697",
          ],
          "id": "primary-election-id_575000306",
          "name": "Riverside - Split #2",
        },
      ],
    },
  ],
  "seal": "TODO",
  "state": "State of Mississippi",
  "title": "Statewide Primary Election",
  "type": "primary",
}
`;
