// Jest Snapshot v1, https://goo.gl/fbAQLP

exports[`renders NotFoundPage 1`] = `
<div
  class="sc-cTApHj iSLYgx"
>
  <main
    class="sc-jObXwK hbqLlw"
  >
    <div
      class="sc-fotPbf kgCzfn"
    >
      <h1>
        Page Not Found.
      </h1>
      <p>
        No page exists at 
        <code>
          /foobar-not-found-path
        </code>
        .
      </p>
      <p>
        <button
          class="sc-llYToB iUIsHk"
          type="button"
        >
          <span
            class="sc-giYgFv hVfOtt"
          >
            Start Over
          </span>
        </button>
      </p>
    </div>
  </main>
</div>
`;
