// Jest Snapshot v1, https://goo.gl/fbAQLP

exports[`Single Seat Contest 1`] = `
.c10 {
  font-size: 1em;
  font-weight: 600;
  line-height: 1.15;
  margin: 0;
}

.c34 {
  font-size: 1em;
  font-weight: 500;
  line-height: 1.15;
  margin: 0;
}

.c24 {
  font-size: 1em;
  font-weight: 300;
  line-height: 1.15;
  margin: 0;
  font-size: 0.75rem;
}

.c4 {
  font-size: 1em;
  line-height: 1.15;
  margin: 0;
  font-size: 0.75rem;
}

.c9 {
  font-size: 1em;
  line-height: 1.15;
  margin: 0;
  font-size: 1rem;
  margin-bottom: 0.5em;
}

.c7 {
  font-size: 1em;
  line-height: 1.15;
  margin: 0;
  font-weight: 500;
  line-height: 1.035;
  margin-bottom: 0.3em;
  font-size: 2.125rem;
  font-weight: 600;
}

.c7:not(:first-child) {
  margin-top: 1.25em;
}

.c7 + h1,
.c7 + h2,
.c7 + h3,
.c7 + h4,
.c7 + h5,
.c7 + h6 {
  margin-top: 0 !important;
}

.c3 {
  max-width: 66ch;
}

.c21 {
  fill: currentColor;
  height: 1em;
  width: 1em;
}

.c29 {
  display: inline-block;
  border: none;
  border-radius: 0.25em;
  box-sizing: border-box;
  background: #00437d;
  padding: 1em 1.75em;
  text-align: center;
  line-height: 1.25;
  color: #fafafa;
  font-size: 1.25em;
  touch-action: manipulation;
  -webkit-align-items: center;
  -webkit-box-align: center;
  -ms-flex-align: center;
  align-items: center;
  display: -webkit-inline-box;
  display: -webkit-inline-flex;
  display: -ms-inline-flexbox;
  display: inline-flex;
  -webkit-flex-wrap: wrap;
  -ms-flex-wrap: wrap;
  flex-wrap: wrap;
  -webkit-box-pack: center;
  -webkit-justify-content: center;
  -ms-flex-pack: center;
  justify-content: center;
  font-family: inherit;
  font-size: 1rem;
  font-weight: 600;
  gap: 0.5rem;
  -webkit-letter-spacing: 0.01em;
  -moz-letter-spacing: 0.01em;
  -ms-letter-spacing: 0.01em;
  letter-spacing: 0.01em;
  line-height: 1.15;
  padding: 0.5em 0.6em;
  width: auto;
  min-height: 70.86614173228345px;
  vertical-align: middle;
  background: #00437d;
  border: 0.15rem solid #00437d;
  border-radius: 0.25rem;
  box-shadow: none;
  color: #fafafa;
  cursor: pointer;
  text-shadow: none;
  -webkit-transition: 100ms ease-in;
  transition: 100ms ease-in;
  -webkit-transition-property: background,border,box-shadow,color;
  transition-property: background,border,box-shadow,color;
}

.c29:hover,
.c29:active {
  outline: none;
}

.c29:hover,
.c29:active {
  outline: none;
}

.c29:active {
  box-shadow: inset 0 0 0 0.15rem #fafafa;
}

.c29[disabled] {
  border: 0.15rem dashed #222222;
  box-shadow: none;
  cursor: not-allowed;
}

.c25 {
  display: inline-block;
  border: none;
  border-radius: 0.25em;
  box-sizing: border-box;
  background: #fafafa;
  padding: 0.75em 1em;
  text-align: center;
  line-height: 1.25;
  color: #222222;
  touch-action: manipulation;
  -webkit-align-items: center;
  -webkit-box-align: center;
  -ms-flex-align: center;
  align-items: center;
  display: -webkit-inline-box;
  display: -webkit-inline-flex;
  display: -ms-inline-flexbox;
  display: inline-flex;
  -webkit-flex-wrap: wrap;
  -ms-flex-wrap: wrap;
  flex-wrap: wrap;
  -webkit-box-pack: center;
  -webkit-justify-content: center;
  -ms-flex-pack: center;
  justify-content: center;
  font-family: inherit;
  font-size: 1rem;
  font-weight: 600;
  gap: 0.5rem;
  -webkit-letter-spacing: 0.01em;
  -moz-letter-spacing: 0.01em;
  -ms-letter-spacing: 0.01em;
  letter-spacing: 0.01em;
  line-height: 1.15;
  padding: 0.5em 0.6em;
  width: auto;
  min-height: 70.86614173228345px;
  vertical-align: middle;
  background: #fafafa;
  border: 0.15rem solid #222222;
  border-radius: 0.25rem;
  box-shadow: none;
  color: #222222;
  cursor: pointer;
  text-shadow: none;
  -webkit-transition: 100ms ease-in;
  transition: 100ms ease-in;
  -webkit-transition-property: background,border,box-shadow,color;
  transition-property: background,border,box-shadow,color;
}

.c25:hover,
.c25:active {
  outline: none;
}

.c25:hover,
.c25:active {
  outline: none;
}

.c25:active {
  box-shadow: inset 0 0 0 0.15rem #222222;
}

.c25[disabled] {
  border: 0.15rem dashed #222222;
  box-shadow: none;
  cursor: not-allowed;
}

.c31 {
  display: inline-block;
  border: none;
  border-radius: 0.25em;
  box-sizing: border-box;
  background: #fafafa;
  padding: 1em 1.75em;
  text-align: center;
  line-height: 1.25;
  color: #222222;
  font-size: 1.25em;
  touch-action: manipulation;
  -webkit-align-items: center;
  -webkit-box-align: center;
  -ms-flex-align: center;
  align-items: center;
  display: -webkit-inline-box;
  display: -webkit-inline-flex;
  display: -ms-inline-flexbox;
  display: inline-flex;
  -webkit-flex-wrap: wrap;
  -ms-flex-wrap: wrap;
  flex-wrap: wrap;
  -webkit-box-pack: center;
  -webkit-justify-content: center;
  -ms-flex-pack: center;
  justify-content: center;
  font-family: inherit;
  font-size: 1rem;
  font-weight: 600;
  gap: 0.5rem;
  -webkit-letter-spacing: 0.01em;
  -moz-letter-spacing: 0.01em;
  -ms-letter-spacing: 0.01em;
  letter-spacing: 0.01em;
  line-height: 1.15;
  padding: 0.5em 0.6em;
  width: auto;
  min-height: 70.86614173228345px;
  vertical-align: middle;
  background: #fafafa;
  border: 0.15rem solid #222222;
  border-radius: 0.25rem;
  box-shadow: none;
  color: #222222;
  cursor: pointer;
  text-shadow: none;
  -webkit-transition: 100ms ease-in;
  transition: 100ms ease-in;
  -webkit-transition-property: background,border,box-shadow,color;
  transition-property: background,border,box-shadow,color;
}

.c31:hover,
.c31:active {
  outline: none;
}

.c31:hover,
.c31:active {
  outline: none;
}

.c31:active {
  box-shadow: inset 0 0 0 0.15rem #222222;
}

.c31[disabled] {
  border: 0.15rem dashed #222222;
  box-shadow: none;
  cursor: not-allowed;
}

.c15 {
  display: inline-block;
  border: none;
  border-radius: 0.25em;
  box-sizing: border-box;
  background: #00437d;
  padding: 0.75em 1em;
  text-align: center;
  line-height: 1.25;
  color: #fafafa;
  touch-action: manipulation;
  -webkit-align-items: center;
  -webkit-box-align: center;
  -ms-flex-align: center;
  align-items: center;
  display: -webkit-inline-box;
  display: -webkit-inline-flex;
  display: -ms-inline-flexbox;
  display: inline-flex;
  -webkit-flex-wrap: wrap;
  -ms-flex-wrap: wrap;
  flex-wrap: wrap;
  -webkit-box-pack: center;
  -webkit-justify-content: center;
  -ms-flex-pack: center;
  justify-content: center;
  font-family: inherit;
  font-size: 1rem;
  font-weight: 600;
  gap: 0.5rem;
  -webkit-letter-spacing: 0.01em;
  -moz-letter-spacing: 0.01em;
  -ms-letter-spacing: 0.01em;
  letter-spacing: 0.01em;
  line-height: 1.15;
  padding: 0.5em 0.6em;
  width: auto;
  min-height: 70.86614173228345px;
  vertical-align: middle;
  background: #00437d;
  border: 0.15rem solid #00437d;
  border-radius: 0.25rem;
  box-shadow: none;
  color: #fafafa;
  cursor: pointer;
  text-shadow: none;
  -webkit-transition: 100ms ease-in;
  transition: 100ms ease-in;
  -webkit-transition-property: background,border,box-shadow,color;
  transition-property: background,border,box-shadow,color;
}

.c15:hover,
.c15:active {
  outline: none;
}

.c15:hover,
.c15:active {
  outline: none;
}

.c15:active {
  box-shadow: inset 0 0 0 0.15rem #fafafa;
}

.c15[disabled] {
  border: 0.15rem dashed #222222;
  box-shadow: none;
  cursor: not-allowed;
}

.c17 {
  display: inline-block;
  -webkit-box-flex: 1;
  -webkit-flex-grow: 1;
  -ms-flex-positive: 1;
  flex-grow: 1;
  -webkit-flex-shrink: 1;
  -ms-flex-negative: 1;
  flex-shrink: 1;
}

.c27 {
  -webkit-align-items: center;
  -webkit-box-align: center;
  -ms-flex-align: center;
  align-items: center;
  border: 0.055rem solid currentColor;
  border-radius: 0.15em;
  box-sizing: border-box;
  display: -webkit-inline-box;
  display: -webkit-inline-flex;
  display: -ms-inline-flexbox;
  display: inline-flex;
  height: 1.75em;
  -webkit-box-pack: center;
  -webkit-justify-content: center;
  -ms-flex-pack: center;
  justify-content: center;
  width: 1.75em;
}

.c27 > * {
  opacity: 0;
  -webkit-transition: opacity 100ms ease-in;
  transition: opacity 100ms ease-in;
}

.c20 {
  -webkit-align-items: center;
  -webkit-box-align: center;
  -ms-flex-align: center;
  align-items: center;
  border: 0.055rem solid currentColor;
  border-radius: 0.15em;
  box-sizing: border-box;
  display: -webkit-inline-box;
  display: -webkit-inline-flex;
  display: -ms-inline-flexbox;
  display: inline-flex;
  height: 1.75em;
  -webkit-box-pack: center;
  -webkit-justify-content: center;
  -ms-flex-pack: center;
  justify-content: center;
  width: 1.75em;
  border: 0.15rem solid currentColor;
}

.c20 > * {
  opacity: 1;
  -webkit-transition: opacity 100ms ease-in;
  transition: opacity 100ms ease-in;
}

.c26 {
  border: 0.055rem solid currentColor;
  -webkit-box-pack: start;
  -webkit-justify-content: start;
  -ms-flex-pack: start;
  justify-content: start;
  min-width: -webkit-min-content;
  min-width: -moz-min-content;
  min-width: min-content;
  padding: 0.5rem 0.5rem;
  text-align: left;
  width: 100%;
}

.c26:active {
  border: 0.055rem solid #00437d;
}

.c16 {
  border: 0.055rem solid currentColor;
  -webkit-box-pack: start;
  -webkit-justify-content: start;
  -ms-flex-pack: start;
  justify-content: start;
  min-width: -webkit-min-content;
  min-width: -moz-min-content;
  min-width: min-content;
  padding: 0.5rem 0.5rem;
  text-align: left;
  width: 100%;
  border: 0.055rem solid #00437d;
}

.c16:active {
  border: 0.055rem solid #00437d;
}

.c18 {
  -webkit-align-items: center;
  -webkit-box-align: center;
  -ms-flex-align: center;
  align-items: center;
  display: -webkit-box;
  display: -webkit-flex;
  display: -ms-flexbox;
  display: flex;
  -webkit-flex-wrap: nowrap;
  -ms-flex-wrap: nowrap;
  flex-wrap: nowrap;
  gap: 0.5rem;
}

.c19 {
  -webkit-box-flex: 0;
  -webkit-flex-grow: 0;
  -ms-flex-positive: 0;
  flex-grow: 0;
  -webkit-flex-shrink: 0;
  -ms-flex-negative: 0;
  flex-shrink: 0;
}

.c22 {
  -webkit-box-flex: 1;
  -webkit-flex-grow: 1;
  -ms-flex-positive: 1;
  flex-grow: 1;
  line-height: 1;
}

.c23 {
  line-height: inherit;
  margin-bottom: 0;
}

.c1 {
  display: -webkit-box;
  display: -webkit-flex;
  display: -ms-flexbox;
  display: flex;
  -webkit-flex-direction: column;
  -ms-flex-direction: column;
  flex-direction: column;
  height: 100%;
}

.c5 {
  display: -webkit-box;
  display: -webkit-flex;
  display: -ms-flexbox;
  display: flex;
  -webkit-flex: 1;
  -ms-flex: 1;
  flex: 1;
  -webkit-flex-direction: column;
  -ms-flex-direction: column;
  flex-direction: column;
  overflow: auto;
}

.c6 {
  margin: 0 auto;
  width: 100%;
  padding: 1rem 30px 0.5rem;
}

.c8 {
  text-transform: uppercase;
  font-size: 0.85rem;
  font-weight: 600;
}

.c11 {
  display: -webkit-box;
  display: -webkit-flex;
  display: -ms-flexbox;
  display: flex;
  position: relative;
  overflow: auto;
}

.c11::before,
.c11::after {
  position: absolute;
  z-index: 1;
  width: 100%;
  height: 0.25rem;
  content: '';
  -webkit-transition: opacity 0.25s ease;
  transition: opacity 0.25s ease;
}

.c11::before {
  top: 0;
  opacity: 0;
  background: linear-gradient( to bottom, rgb(177,186,190) 0%, transparent 100% );
}

.c11::after {
  bottom: 0;
  opacity: 0;
  background: linear-gradient( to bottom, transparent 0%, rgb(177,186,190) 100% );
}

.c12 {
  -webkit-flex: 1;
  -ms-flex: 1;
  flex: 1;
  overflow: auto;
}

.c13 {
  margin: 0 auto;
  width: 100%;
  padding: 0.25rem 20px 0;
}

.c14 {
  display: grid;
  grid-auto-rows: minmax(auto,1fr);
  grid-gap: 20px;
  margin-bottom: 40px;
}

.c32 {
  white-space: nowrap;
}

.c32::before {
  display: inline-block;
  margin-right: 0.5rem;
  background: url('/images/arrow-left-open-black.svg') no-repeat;
  width: 1.375rem;
  height: 1.375rem;
  vertical-align: text-bottom;
  content: '';
}

.c30 {
  white-space: nowrap;
}

.c30::after {
  display: inline-block;
  margin-left: 0.5rem;
  background: url('/images/arrow-right-open-white.svg') no-repeat;
  width: 1.375rem;
  height: 1.375rem;
  vertical-align: text-bottom;
  content: '';
}

.c28 {
  display: -webkit-box;
  display: -webkit-flex;
  display: -ms-flexbox;
  display: flex;
  background-color: #333333;
  padding: 20px;
  color: #ffffff;
  gap: 20px;
}

.c28 > * {
  -webkit-flex: 1;
  -ms-flex: 1;
  flex: 1;
}

.c28 > *:first-child {
  -webkit-flex: 2 1;
  -ms-flex: 2 1;
  flex: 2 1;
  -webkit-order: 1;
  -ms-flex-order: 1;
  order: 1;
}

.c28 button {
  padding-right: 10px;
  padding-left: 10px;
}

.c33 {
  -webkit-align-items: center;
  -webkit-box-align: center;
  -ms-flex-align: center;
  align-items: center;
  display: -webkit-box;
  display: -webkit-flex;
  display: -ms-flexbox;
  display: flex;
  -webkit-flex-wrap: nowrap;
  -ms-flex-wrap: nowrap;
  flex-wrap: nowrap;
  gap: 0.5rem;
  text-align: left;
}

.c0 {
  height: 100%;
}

.c0:focus {
  outline: none;
}

.c2 {
  padding: 30px 30px 0;
}

@media print {

}

@media print {

}

@media print {

}

@media (min-width:480px) {

}

@media print {
  .c1 {
    display: none;
  }
}

@media (min-width:480px) {

}

@media print {

}

@media (min-width:480px) {

}

@media print {

}

@media print {

}

@media print {

}

@media print {

}

<div
  class="c0"
  tabindex="-1"
>
  <div
    class="c1"
  >
    <div
      class="c2"
    >
      <div
        class="c3"
      >
        <span
          class="c4"
        >
          This is the
           
          <strong>
            9th
             contest
          </strong>
           of
           
          20 contests
           on your ballot.
        </span>
      </div>
    </div>
    <main
      class="c5"
    >
      <div
        class="c6"
        id="contest-header"
      >
        <div
          class="c3"
          id="audiofocus"
        >
          <h1
            aria-label="District 2 County Commissioners."
            class="c7"
          >
            <div
              class="c8"
            >
              District 2
            </div>
            County Commissioners
          </h1>
          <p
            class="c9"
          >
            Vote for 
            4
            .
             
            <span
              class="c10"
            >
              You have selected 
              4
              .
            </span>
            <span
              class="screen-reader-only"
            >
              To navigate through the contest choices, use the down button. To move to the next contest, use the right button.
            </span>
          </p>
        </div>
      </div>
      <div
        class="c11"
      >
        <div
          class="c12"
        >
          <div
            class="c13"
          >
            <div
              aria-multiselectable="true"
              class="c14"
              role="listbox"
            >
              <button
                aria-label="Selected, Camille Argent, Federalist."
                aria-selected="true"
                class="c15 c16"
                role="option"
                type="button"
              >
                <span
                  class="c17"
                >
                  <span
                    class="c18"
                  >
                    <span
                      class="c19"
                    >
                      <span
                        class="c20"
                      >
                        <svg
                          aria-hidden="true"
                          class="c21"
                          height="100"
                          role="img"
                          viewBox="0 0 100 100"
                          width="100"
                        >
                          <path
                            d="M89.7038 10.1045C88.2094 8.40006 85.759 8.40006 84.2646 10.1045L39.0198 61.5065L15.719 34.8471C14.2245 33.1364 11.7906 33.1364 10.2852 34.8471L2.12082 44.1186C0.626395 45.8105 0.626395 48.5951 2.12082 50.2996L36.2782 89.3708C37.7727 91.0628 40.2066 91.0628 41.7175 89.3708L97.8627 25.5632C99.3791 23.8587 99.3791 21.0679 97.8627 19.3572L89.7038 10.1045Z"
                          />
                        </svg>
                      </span>
                    </span>
                    <span
                      class="c22"
                    >
                      <p
                        class="c9 c23"
                      >
                        Camille Argent
                      </p>
                      <span
                        class="c24"
                      >
                        Federalist
                      </span>
                    </span>
                  </span>
                </span>
              </button>
              <button
                aria-label="Selected, Chloe Witherspoon-Smithson, Federalist."
                aria-selected="true"
                class="c15 c16"
                role="option"
                type="button"
              >
                <span
                  class="c17"
                >
                  <span
                    class="c18"
                  >
                    <span
                      class="c19"
                    >
                      <span
                        class="c20"
                      >
                        <svg
                          aria-hidden="true"
                          class="c21"
                          height="100"
                          role="img"
                          viewBox="0 0 100 100"
                          width="100"
                        >
                          <path
                            d="M89.7038 10.1045C88.2094 8.40006 85.759 8.40006 84.2646 10.1045L39.0198 61.5065L15.719 34.8471C14.2245 33.1364 11.7906 33.1364 10.2852 34.8471L2.12082 44.1186C0.626395 45.8105 0.626395 48.5951 2.12082 50.2996L36.2782 89.3708C37.7727 91.0628 40.2066 91.0628 41.7175 89.3708L97.8627 25.5632C99.3791 23.8587 99.3791 21.0679 97.8627 19.3572L89.7038 10.1045Z"
                          />
                        </svg>
                      </span>
                    </span>
                    <span
                      class="c22"
                    >
                      <p
                        class="c9 c23"
                      >
                        Chloe Witherspoon-Smithson
                      </p>
                      <span
                        class="c24"
                      >
                        Federalist
                      </span>
                    </span>
                  </span>
                </span>
              </button>
              <button
                aria-label="Selected, Clayton Bainbridge, Federalist."
                aria-selected="true"
                class="c15 c16"
                role="option"
                type="button"
              >
                <span
                  class="c17"
                >
                  <span
                    class="c18"
                  >
                    <span
                      class="c19"
                    >
                      <span
                        class="c20"
                      >
                        <svg
                          aria-hidden="true"
                          class="c21"
                          height="100"
                          role="img"
                          viewBox="0 0 100 100"
                          width="100"
                        >
                          <path
                            d="M89.7038 10.1045C88.2094 8.40006 85.759 8.40006 84.2646 10.1045L39.0198 61.5065L15.719 34.8471C14.2245 33.1364 11.7906 33.1364 10.2852 34.8471L2.12082 44.1186C0.626395 45.8105 0.626395 48.5951 2.12082 50.2996L36.2782 89.3708C37.7727 91.0628 40.2066 91.0628 41.7175 89.3708L97.8627 25.5632C99.3791 23.8587 99.3791 21.0679 97.8627 19.3572L89.7038 10.1045Z"
                          />
                        </svg>
                      </span>
                    </span>
                    <span
                      class="c22"
                    >
                      <p
                        class="c9 c23"
                      >
                        Clayton Bainbridge
                      </p>
                      <span
                        class="c24"
                      >
                        Federalist
                      </span>
                    </span>
                  </span>
                </span>
              </button>
              <button
                aria-label="Selected, Charlene Hennessey, People’s."
                aria-selected="true"
                class="c15 c16"
                role="option"
                type="button"
              >
                <span
                  class="c17"
                >
                  <span
                    class="c18"
                  >
                    <span
                      class="c19"
                    >
                      <span
                        class="c20"
                      >
                        <svg
                          aria-hidden="true"
                          class="c21"
                          height="100"
                          role="img"
                          viewBox="0 0 100 100"
                          width="100"
                        >
                          <path
                            d="M89.7038 10.1045C88.2094 8.40006 85.759 8.40006 84.2646 10.1045L39.0198 61.5065L15.719 34.8471C14.2245 33.1364 11.7906 33.1364 10.2852 34.8471L2.12082 44.1186C0.626395 45.8105 0.626395 48.5951 2.12082 50.2996L36.2782 89.3708C37.7727 91.0628 40.2066 91.0628 41.7175 89.3708L97.8627 25.5632C99.3791 23.8587 99.3791 21.0679 97.8627 19.3572L89.7038 10.1045Z"
                          />
                        </svg>
                      </span>
                    </span>
                    <span
                      class="c22"
                    >
                      <p
                        class="c9 c23"
                      >
                        Charlene Hennessey
                      </p>
                      <span
                        class="c24"
                      >
                        People’s
                      </span>
                    </span>
                  </span>
                </span>
              </button>
              <button
                aria-label=" Eric Savoy, People’s."
                aria-selected="false"
                class="c25 c26"
                role="option"
                type="button"
              >
                <span
                  class="c17"
                >
                  <span
                    class="c18"
                  >
                    <span
                      class="c19"
                    >
                      <span
                        class="c27"
                      >
                        <svg
                          aria-hidden="true"
                          class="c21"
                          height="100"
                          role="img"
                          viewBox="0 0 100 100"
                          width="100"
                        >
                          <path
                            d="M89.7038 10.1045C88.2094 8.40006 85.759 8.40006 84.2646 10.1045L39.0198 61.5065L15.719 34.8471C14.2245 33.1364 11.7906 33.1364 10.2852 34.8471L2.12082 44.1186C0.626395 45.8105 0.626395 48.5951 2.12082 50.2996L36.2782 89.3708C37.7727 91.0628 40.2066 91.0628 41.7175 89.3708L97.8627 25.5632C99.3791 23.8587 99.3791 21.0679 97.8627 19.3572L89.7038 10.1045Z"
                          />
                        </svg>
                      </span>
                    </span>
                    <span
                      class="c22"
                    >
                      <p
                        class="c9 c23"
                      >
                        Eric Savoy
                      </p>
                      <span
                        class="c24"
                      >
                        People’s
                      </span>
                    </span>
                  </span>
                </span>
              </button>
              <button
                aria-label=" Susan Tawa, People’s."
                aria-selected="false"
                class="c25 c26"
                role="option"
                type="button"
              >
                <span
                  class="c17"
                >
                  <span
                    class="c18"
                  >
                    <span
                      class="c19"
                    >
                      <span
                        class="c27"
                      >
                        <svg
                          aria-hidden="true"
                          class="c21"
                          height="100"
                          role="img"
                          viewBox="0 0 100 100"
                          width="100"
                        >
                          <path
                            d="M89.7038 10.1045C88.2094 8.40006 85.759 8.40006 84.2646 10.1045L39.0198 61.5065L15.719 34.8471C14.2245 33.1364 11.7906 33.1364 10.2852 34.8471L2.12082 44.1186C0.626395 45.8105 0.626395 48.5951 2.12082 50.2996L36.2782 89.3708C37.7727 91.0628 40.2066 91.0628 41.7175 89.3708L97.8627 25.5632C99.3791 23.8587 99.3791 21.0679 97.8627 19.3572L89.7038 10.1045Z"
                          />
                        </svg>
                      </span>
                    </span>
                    <span
                      class="c22"
                    >
                      <p
                        class="c9 c23"
                      >
                        Susan Tawa
                      </p>
                      <span
                        class="c24"
                      >
                        People’s
                      </span>
                    </span>
                  </span>
                </span>
              </button>
              <button
                aria-label=" Mary Tawa, People’s."
                aria-selected="false"
                class="c25 c26"
                role="option"
                type="button"
              >
                <span
                  class="c17"
                >
                  <span
                    class="c18"
                  >
                    <span
                      class="c19"
                    >
                      <span
                        class="c27"
                      >
                        <svg
                          aria-hidden="true"
                          class="c21"
                          height="100"
                          role="img"
                          viewBox="0 0 100 100"
                          width="100"
                        >
                          <path
                            d="M89.7038 10.1045C88.2094 8.40006 85.759 8.40006 84.2646 10.1045L39.0198 61.5065L15.719 34.8471C14.2245 33.1364 11.7906 33.1364 10.2852 34.8471L2.12082 44.1186C0.626395 45.8105 0.626395 48.5951 2.12082 50.2996L36.2782 89.3708C37.7727 91.0628 40.2066 91.0628 41.7175 89.3708L97.8627 25.5632C99.3791 23.8587 99.3791 21.0679 97.8627 19.3572L89.7038 10.1045Z"
                          />
                        </svg>
                      </span>
                    </span>
                    <span
                      class="c22"
                    >
                      <p
                        class="c9 c23"
                      >
                        Mary Tawa
                      </p>
                      <span
                        class="c24"
                      >
                        People’s
                      </span>
                    </span>
                  </span>
                </span>
              </button>
              <button
                aria-label=" Damian Rangel, Liberty."
                aria-selected="false"
                class="c25 c26"
                role="option"
                type="button"
              >
                <span
                  class="c17"
                >
                  <span
                    class="c18"
                  >
                    <span
                      class="c19"
                    >
                      <span
                        class="c27"
                      >
                        <svg
                          aria-hidden="true"
                          class="c21"
                          height="100"
                          role="img"
                          viewBox="0 0 100 100"
                          width="100"
                        >
                          <path
                            d="M89.7038 10.1045C88.2094 8.40006 85.759 8.40006 84.2646 10.1045L39.0198 61.5065L15.719 34.8471C14.2245 33.1364 11.7906 33.1364 10.2852 34.8471L2.12082 44.1186C0.626395 45.8105 0.626395 48.5951 2.12082 50.2996L36.2782 89.3708C37.7727 91.0628 40.2066 91.0628 41.7175 89.3708L97.8627 25.5632C99.3791 23.8587 99.3791 21.0679 97.8627 19.3572L89.7038 10.1045Z"
                          />
                        </svg>
                      </span>
                    </span>
                    <span
                      class="c22"
                    >
                      <p
                        class="c9 c23"
                      >
                        Damian Rangel
                      </p>
                      <span
                        class="c24"
                      >
                        Liberty
                      </span>
                    </span>
                  </span>
                </span>
              </button>
              <button
                aria-label=" Valarie Altman, Constitution."
                aria-selected="false"
                class="c25 c26"
                role="option"
                type="button"
              >
                <span
                  class="c17"
                >
                  <span
                    class="c18"
                  >
                    <span
                      class="c19"
                    >
                      <span
                        class="c27"
                      >
                        <svg
                          aria-hidden="true"
                          class="c21"
                          height="100"
                          role="img"
                          viewBox="0 0 100 100"
                          width="100"
                        >
                          <path
                            d="M89.7038 10.1045C88.2094 8.40006 85.759 8.40006 84.2646 10.1045L39.0198 61.5065L15.719 34.8471C14.2245 33.1364 11.7906 33.1364 10.2852 34.8471L2.12082 44.1186C0.626395 45.8105 0.626395 48.5951 2.12082 50.2996L36.2782 89.3708C37.7727 91.0628 40.2066 91.0628 41.7175 89.3708L97.8627 25.5632C99.3791 23.8587 99.3791 21.0679 97.8627 19.3572L89.7038 10.1045Z"
                          />
                        </svg>
                      </span>
                    </span>
                    <span
                      class="c22"
                    >
                      <p
                        class="c9 c23"
                      >
                        Valarie Altman
                      </p>
                      <span
                        class="c24"
                      >
                        Constitution
                      </span>
                    </span>
                  </span>
                </span>
              </button>
              <button
                aria-label=" Helen Moore, Constitution."
                aria-selected="false"
                class="c25 c26"
                role="option"
                type="button"
              >
                <span
                  class="c17"
                >
                  <span
                    class="c18"
                  >
                    <span
                      class="c19"
                    >
                      <span
                        class="c27"
                      >
                        <svg
                          aria-hidden="true"
                          class="c21"
                          height="100"
                          role="img"
                          viewBox="0 0 100 100"
                          width="100"
                        >
                          <path
                            d="M89.7038 10.1045C88.2094 8.40006 85.759 8.40006 84.2646 10.1045L39.0198 61.5065L15.719 34.8471C14.2245 33.1364 11.7906 33.1364 10.2852 34.8471L2.12082 44.1186C0.626395 45.8105 0.626395 48.5951 2.12082 50.2996L36.2782 89.3708C37.7727 91.0628 40.2066 91.0628 41.7175 89.3708L97.8627 25.5632C99.3791 23.8587 99.3791 21.0679 97.8627 19.3572L89.7038 10.1045Z"
                          />
                        </svg>
                      </span>
                    </span>
                    <span
                      class="c22"
                    >
                      <p
                        class="c9 c23"
                      >
                        Helen Moore
                      </p>
                      <span
                        class="c24"
                      >
                        Constitution
                      </span>
                    </span>
                  </span>
                </span>
              </button>
              <button
                aria-label=" Martin Schreiner, Independent."
                aria-selected="false"
                class="c25 c26"
                role="option"
                type="button"
              >
                <span
                  class="c17"
                >
                  <span
                    class="c18"
                  >
                    <span
                      class="c19"
                    >
                      <span
                        class="c27"
                      >
                        <svg
                          aria-hidden="true"
                          class="c21"
                          height="100"
                          role="img"
                          viewBox="0 0 100 100"
                          width="100"
                        >
                          <path
                            d="M89.7038 10.1045C88.2094 8.40006 85.759 8.40006 84.2646 10.1045L39.0198 61.5065L15.719 34.8471C14.2245 33.1364 11.7906 33.1364 10.2852 34.8471L2.12082 44.1186C0.626395 45.8105 0.626395 48.5951 2.12082 50.2996L36.2782 89.3708C37.7727 91.0628 40.2066 91.0628 41.7175 89.3708L97.8627 25.5632C99.3791 23.8587 99.3791 21.0679 97.8627 19.3572L89.7038 10.1045Z"
                          />
                        </svg>
                      </span>
                    </span>
                    <span
                      class="c22"
                    >
                      <p
                        class="c9 c23"
                      >
                        Martin Schreiner
                      </p>
                      <span
                        class="c24"
                      >
                        Independent
                      </span>
                    </span>
                  </span>
                </span>
              </button>
              <button
                aria-selected="false"
                class="c25 c26"
                role="option"
                type="button"
              >
                <span
                  class="c17"
                >
                  <span
                    class="c18"
                  >
                    <span
                      class="c19"
                    >
                      <span
                        class="c27"
                      >
                        <svg
                          aria-hidden="true"
                          class="c21"
                          height="100"
                          role="img"
                          viewBox="0 0 100 100"
                          width="100"
                        >
                          <path
                            d="M89.7038 10.1045C88.2094 8.40006 85.759 8.40006 84.2646 10.1045L39.0198 61.5065L15.719 34.8471C14.2245 33.1364 11.7906 33.1364 10.2852 34.8471L2.12082 44.1186C0.626395 45.8105 0.626395 48.5951 2.12082 50.2996L36.2782 89.3708C37.7727 91.0628 40.2066 91.0628 41.7175 89.3708L97.8627 25.5632C99.3791 23.8587 99.3791 21.0679 97.8627 19.3572L89.7038 10.1045Z"
                          />
                        </svg>
                      </span>
                    </span>
                    <span
                      class="c22"
                    >
                      <p
                        class="c9 c23"
                      >
                        <span>
                          <svg
                            aria-hidden="true"
                            class="svg-inline--fa fa-pencil "
                            data-icon="pencil"
                            data-prefix="fas"
                            focusable="false"
                            role="img"
                            viewBox="0 0 512 512"
                            xmlns="http://www.w3.org/2000/svg"
                          >
                            <path
                              d="M410.3 231l11.3-11.3-33.9-33.9-62.1-62.1L291.7 89.8l-11.3 11.3-22.6 22.6L58.6 322.9c-10.4 10.4-18 23.3-22.2 37.4L1 480.7c-2.5 8.4-.2 17.5 6.1 23.7s15.3 8.5 23.7 6.1l120.3-35.4c14.1-4.2 27-11.8 37.4-22.2L387.7 253.7 410.3 231zM160 399.4l-9.1 22.7c-4 3.1-8.5 5.4-13.3 6.9L59.4 452l23-78.1c1.4-4.9 3.8-9.4 6.9-13.3l22.7-9.1v32c0 8.8 7.2 16 16 16h32zM362.7 18.7L348.3 33.2 325.7 55.8 314.3 67.1l33.9 33.9 62.1 62.1 33.9 33.9 11.3-11.3 22.6-22.6 14.5-14.5c25-25 25-65.5 0-90.5L453.3 18.7c-25-25-65.5-25-90.5 0zm-47.4 168l-144 144c-6.2 6.2-16.4 6.2-22.6 0s-6.2-16.4 0-22.6l144-144c6.2-6.2 16.4-6.2 22.6 0s6.2 16.4 0 22.6z"
                              fill="currentColor"
                            />
                          </svg>
                           add write-in candidate
                        </span>
                      </p>
                    </span>
                  </span>
                </span>
              </button>
            </div>
          </div>
        </div>
      </div>
    </main>
    <nav
      class="c28"
    >
      <button
        aria-label="next contest"
        class="c29"
        id="next"
        type="button"
      >
        <span
          class="c17"
        >
          <span
            class="c30"
          >
            Next
          </span>
        </span>
      </button>
      <button
        aria-label="previous contest"
        class="c31"
        id="previous"
        type="button"
      >
        <span
          class="c17"
        >
          <span
            class="c32"
          >
            Back
          </span>
        </span>
      </button>
      <button
        class="c25"
        type="button"
      >
        <span
          class="c17"
        >
          <span
            class="c33"
          >
            <svg
              aria-hidden="true"
              class="svg-inline--fa fa-display "
              data-icon="display"
              data-prefix="fas"
              focusable="false"
              role="img"
              viewBox="0 0 576 512"
              xmlns="http://www.w3.org/2000/svg"
            >
              <path
                d="M64 0C28.7 0 0 28.7 0 64V352c0 35.3 28.7 64 64 64H240l-10.7 32H160c-17.7 0-32 14.3-32 32s14.3 32 32 32H416c17.7 0 32-14.3 32-32s-14.3-32-32-32H346.7L336 416H512c35.3 0 64-28.7 64-64V64c0-35.3-28.7-64-64-64H64zM512 64V352H64V64H512z"
                fill="currentColor"
              />
            </svg>
            <span
              class="c34"
            >
              Color & Size
            </span>
          </span>
        </span>
      </button>
    </nav>
  </div>
</div>
`;
