// Jest Snapshot v1, https://goo.gl/fbAQLP

exports[`getCastVoteRecordReportStream 1`] = `
{
  "@type": "CVR.CastVoteRecordReport",
  "CVR": [
    {
      "@type": "CVR.CVR",
      "BallotSheetId": "1",
      "BallotStyleId": "2F",
      "BallotStyleUnitId": "precinct-1",
      "BatchId": "batch-1",
      "BatchSequenceId": 1,
      "CVRSnapshot": [
        {
          "@id": "ballot-1-modified",
          "@type": "CVR.CVRSnapshot",
          "CVRContest": [
            {
              "@type": "CVR.CVRContest",
              "CVRContestSelection": [],
              "ContestId": "best-animal-fish",
              "Overvotes": 0,
              "Status": [
                "not-indicated",
                "undervoted",
              ],
              "Undervotes": 1,
              "WriteIns": 0,
            },
            {
              "@type": "CVR.CVRContest",
              "CVRContestSelection": [
                {
                  "@type": "CVR.CVRContestSelection",
                  "ContestSelectionId": "manta-ray",
                  "OptionPosition": 0,
                  "SelectionPosition": [
                    {
                      "@type": "CVR.SelectionPosition",
                      "HasIndication": "yes",
                      "IsAllocable": "yes",
                      "NumberVotes": 1,
                    },
                  ],
                },
              ],
              "ContestId": "aquarium-council-fish",
              "Overvotes": 0,
              "Status": [
                "undervoted",
              ],
              "Undervotes": 1,
              "WriteIns": 0,
            },
            {
              "@type": "CVR.CVRContest",
              "CVRContestSelection": [
                {
                  "@type": "CVR.CVRContestSelection",
                  "ContestSelectionId": "allow-fishing",
                  "OptionPosition": 1,
                  "SelectionPosition": [
                    {
                      "@type": "CVR.SelectionPosition",
                      "HasIndication": "yes",
                      "IsAllocable": "yes",
                      "NumberVotes": 1,
                    },
                  ],
                },
              ],
              "ContestId": "fishing",
              "Overvotes": 0,
              "Undervotes": 0,
            },
          ],
          "Type": "modified",
          "vxWriteIns": 0,
        },
        {
          "@id": "ballot-1-original",
          "@type": "CVR.CVRSnapshot",
          "CVRContest": [
            {
              "@type": "CVR.CVRContest",
              "CVRContestSelection": [
                {
                  "@type": "CVR.CVRContestSelection",
                  "ContestSelectionId": "manta-ray",
                  "OptionPosition": 0,
                  "SelectionPosition": [
                    {
                      "@type": "CVR.SelectionPosition",
                      "HasIndication": "yes",
                      "MarkMetricValue": [
                        "0.16",
                      ],
                      "NumberVotes": 1,
                    },
                  ],
                },
              ],
              "ContestId": "aquarium-council-fish",
            },
            {
              "@type": "CVR.CVRContest",
              "CVRContestSelection": [
                {
                  "@type": "CVR.CVRContestSelection",
                  "ContestSelectionId": "allow-fishing",
                  "OptionPosition": 1,
                  "SelectionPosition": [
                    {
                      "@type": "CVR.SelectionPosition",
                      "HasIndication": "yes",
                      "MarkMetricValue": [
                        "0.17",
                      ],
                      "NumberVotes": 1,
                    },
                  ],
                },
                {
                  "@type": "CVR.CVRContestSelection",
                  "ContestSelectionId": "ban-fishing",
                  "OptionPosition": 0,
                  "SelectionPosition": [
                    {
                      "@type": "CVR.SelectionPosition",
                      "HasIndication": "no",
                      "MarkMetricValue": [
                        "0.03",
                      ],
                      "NumberVotes": 1,
                    },
                  ],
                },
              ],
              "ContestId": "fishing",
            },
          ],
          "Type": "original",
        },
      ],
      "CreatingDeviceId": "000",
      "CurrentSnapshotId": "ballot-1-modified",
      "ElectionId": "0000000000",
      "PartyIds": [
        "1",
      ],
      "UniqueId": "ballot-1",
      "vxBallotType": "precinct",
    },
    {
      "@type": "CVR.CVR",
      "BallotStyleId": "2F",
      "BallotStyleUnitId": "precinct-1",
      "BatchId": "batch-1",
      "BatchSequenceId": 2,
      "CVRSnapshot": [
        {
          "@id": "ballot-2-original",
          "@type": "CVR.CVRSnapshot",
          "CVRContest": [
            {
              "@type": "CVR.CVRContest",
              "CVRContestSelection": [],
              "ContestId": "best-animal-fish",
              "Overvotes": 0,
              "Status": [
                "not-indicated",
                "undervoted",
              ],
              "Undervotes": 1,
              "WriteIns": 0,
            },
            {
              "@type": "CVR.CVRContest",
              "CVRContestSelection": [
                {
                  "@type": "CVR.CVRContestSelection",
                  "ContestSelectionId": "manta-ray",
                  "OptionPosition": 0,
                  "SelectionPosition": [
                    {
                      "@type": "CVR.SelectionPosition",
                      "HasIndication": "yes",
                      "IsAllocable": "yes",
                      "NumberVotes": 1,
                    },
                  ],
                },
              ],
              "ContestId": "aquarium-council-fish",
              "Overvotes": 0,
              "Status": [
                "undervoted",
              ],
              "Undervotes": 1,
              "WriteIns": 0,
            },
            {
              "@type": "CVR.CVRContest",
              "CVRContestSelection": [],
              "ContestId": "new-zoo-either",
              "Overvotes": 0,
              "Status": [
                "undervoted",
                "not-indicated",
              ],
              "Undervotes": 1,
            },
            {
              "@type": "CVR.CVRContest",
              "CVRContestSelection": [],
              "ContestId": "new-zoo-pick",
              "Overvotes": 0,
              "Status": [
                "undervoted",
                "not-indicated",
              ],
              "Undervotes": 1,
            },
            {
              "@type": "CVR.CVRContest",
              "CVRContestSelection": [
                {
                  "@type": "CVR.CVRContestSelection",
                  "ContestSelectionId": "allow-fishing",
                  "OptionPosition": 1,
                  "SelectionPosition": [
                    {
                      "@type": "CVR.SelectionPosition",
                      "HasIndication": "yes",
                      "IsAllocable": "yes",
                      "NumberVotes": 1,
                    },
                  ],
                },
              ],
              "ContestId": "fishing",
              "Overvotes": 0,
              "Undervotes": 0,
            },
          ],
          "Type": "original",
          "vxWriteIns": 0,
        },
      ],
      "CreatingDeviceId": "000",
      "CurrentSnapshotId": "ballot-2-original",
      "ElectionId": "0000000000",
      "PartyIds": [
        "1",
      ],
      "UniqueId": "ballot-2",
      "vxBallotType": "precinct",
    },
  ],
  "Election": [
    {
      "@id": "0000000000",
      "@type": "CVR.Election",
      "Candidate": [
        {
          "@id": "horse",
          "@type": "CVR.Candidate",
          "Name": "Horse",
        },
        {
          "@id": "otter",
          "@type": "CVR.Candidate",
          "Name": "Otter",
        },
        {
          "@id": "fox",
          "@type": "CVR.Candidate",
          "Name": "Fox",
        },
        {
          "@id": "seahorse",
          "@type": "CVR.Candidate",
          "Name": "Seahorse",
        },
        {
          "@id": "salmon",
          "@type": "CVR.Candidate",
          "Name": "Salmon",
        },
        {
          "@id": "zebra",
          "@type": "CVR.Candidate",
          "Name": "Zebra",
        },
        {
          "@id": "lion",
          "@type": "CVR.Candidate",
          "Name": "Lion",
        },
        {
          "@id": "kangaroo",
          "@type": "CVR.Candidate",
          "Name": "Kangaroo",
        },
        {
          "@id": "elephant",
          "@type": "CVR.Candidate",
          "Name": "Elephant",
        },
        {
          "@id": "manta-ray",
          "@type": "CVR.Candidate",
          "Name": "Manta Ray",
        },
        {
          "@id": "pufferfish",
          "@type": "CVR.Candidate",
          "Name": "Pufferfish",
        },
        {
          "@id": "rockfish",
          "@type": "CVR.Candidate",
          "Name": "Rockfish",
        },
        {
          "@id": "triggerfish",
          "@type": "CVR.Candidate",
          "Name": "Triggerfish",
        },
      ],
      "Contest": [
        {
          "@id": "best-animal-mammal",
          "@type": "CVR.CandidateContest",
          "ContestSelection": [
            {
              "@id": "horse",
              "@type": "CVR.CandidateSelection",
              "CandidateIds": [
                "horse",
              ],
            },
            {
              "@id": "otter",
              "@type": "CVR.CandidateSelection",
              "CandidateIds": [
                "otter",
              ],
            },
            {
              "@id": "fox",
              "@type": "CVR.CandidateSelection",
              "CandidateIds": [
                "fox",
              ],
            },
          ],
          "Name": "Best Animal",
          "PrimaryPartyId": "0",
          "VotesAllowed": 1,
        },
        {
          "@id": "best-animal-fish",
          "@type": "CVR.CandidateContest",
          "ContestSelection": [
            {
              "@id": "seahorse",
              "@type": "CVR.CandidateSelection",
              "CandidateIds": [
                "seahorse",
              ],
            },
            {
              "@id": "salmon",
              "@type": "CVR.CandidateSelection",
              "CandidateIds": [
                "salmon",
              ],
            },
          ],
          "Name": "Best Animal",
          "PrimaryPartyId": "1",
          "VotesAllowed": 1,
        },
        {
          "@id": "zoo-council-mammal",
          "@type": "CVR.CandidateContest",
          "ContestSelection": [
            {
              "@id": "zebra",
              "@type": "CVR.CandidateSelection",
              "CandidateIds": [
                "zebra",
              ],
            },
            {
              "@id": "lion",
              "@type": "CVR.CandidateSelection",
              "CandidateIds": [
                "lion",
              ],
            },
            {
              "@id": "kangaroo",
              "@type": "CVR.CandidateSelection",
              "CandidateIds": [
                "kangaroo",
              ],
            },
            {
              "@id": "elephant",
              "@type": "CVR.CandidateSelection",
              "CandidateIds": [
                "elephant",
              ],
            },
            {
              "@id": "write-in-0",
              "@type": "CVR.CandidateSelection",
              "IsWriteIn": true,
            },
            {
              "@id": "write-in-1",
              "@type": "CVR.CandidateSelection",
              "IsWriteIn": true,
            },
            {
              "@id": "write-in-2",
              "@type": "CVR.CandidateSelection",
              "IsWriteIn": true,
            },
          ],
          "Name": "Zoo Council",
          "PrimaryPartyId": "0",
          "VotesAllowed": 3,
        },
        {
          "@id": "aquarium-council-fish",
          "@type": "CVR.CandidateContest",
          "ContestSelection": [
            {
              "@id": "manta-ray",
              "@type": "CVR.CandidateSelection",
              "CandidateIds": [
                "manta-ray",
              ],
            },
            {
              "@id": "pufferfish",
              "@type": "CVR.CandidateSelection",
              "CandidateIds": [
                "pufferfish",
              ],
            },
            {
              "@id": "rockfish",
              "@type": "CVR.CandidateSelection",
              "CandidateIds": [
                "rockfish",
              ],
            },
            {
              "@id": "triggerfish",
              "@type": "CVR.CandidateSelection",
              "CandidateIds": [
                "triggerfish",
              ],
            },
            {
              "@id": "write-in-0",
              "@type": "CVR.CandidateSelection",
              "IsWriteIn": true,
            },
            {
              "@id": "write-in-1",
              "@type": "CVR.CandidateSelection",
              "IsWriteIn": true,
            },
          ],
          "Name": "Zoo Council",
          "PrimaryPartyId": "1",
          "VotesAllowed": 2,
        },
        {
          "@id": "new-zoo-either",
          "@type": "CVR.BallotMeasureContest",
          "ContestSelection": [
            {
              "@id": "new-zoo-either-approved",
              "@type": "CVR.BallotMeasureSelection",
              "Selection": "FOR APPROVAL OF EITHER Initiative No. 12 OR Alternative Initiative No. 12 A",
            },
            {
              "@id": "new-zoo-neither-approved",
              "@type": "CVR.BallotMeasureSelection",
              "Selection": "AGAINST BOTH Initiative No. 12 AND Alternative Measure 12 A",
            },
          ],
          "Name": "Ballot Measure 1",
        },
        {
          "@id": "new-zoo-pick",
          "@type": "CVR.BallotMeasureContest",
          "ContestSelection": [
            {
              "@id": "new-zoo-safari",
              "@type": "CVR.BallotMeasureSelection",
              "Selection": "FOR Initiative No. 12",
            },
            {
              "@id": "new-zoo-traditional",
              "@type": "CVR.BallotMeasureSelection",
              "Selection": "FOR Alternative Measure No. 12 A",
            },
          ],
          "Name": "Ballot Measure 1",
        },
        {
          "@id": "fishing",
          "@type": "CVR.BallotMeasureContest",
          "ContestSelection": [
            {
              "@id": "ban-fishing",
              "@type": "CVR.BallotMeasureSelection",
              "Selection": "YES",
            },
            {
              "@id": "allow-fishing",
              "@type": "CVR.BallotMeasureSelection",
              "Selection": "NO",
            },
          ],
          "Name": "Ballot Measure 3",
        },
      ],
      "ElectionScopeId": "election-state",
      "Name": "Example Primary Election",
    },
  ],
  "GeneratedDate": "2020-04-14T00:00:00.000Z",
  "GpUnit": [
    {
      "@id": "precinct-1",
      "@type": "CVR.GpUnit",
      "Name": "Precinct 1",
      "Type": "precinct",
    },
    {
      "@id": "precinct-2",
      "@type": "CVR.GpUnit",
      "Name": "Precinct 2",
      "Type": "precinct",
    },
    {
      "@id": "election-county",
      "@type": "CVR.GpUnit",
      "Name": "Sample County",
      "Type": "other",
    },
    {
      "@id": "election-state",
      "@type": "CVR.GpUnit",
      "Name": "State of Sample",
      "Type": "other",
    },
  ],
  "Party": [
    {
      "@id": "0",
      "@type": "CVR.Party",
      "Abbreviation": "Ma",
      "Name": "Mammal Party",
    },
    {
      "@id": "1",
      "@type": "CVR.Party",
      "Abbreviation": "F",
      "Name": "Fish Party",
    },
  ],
  "ReportGeneratingDeviceIds": [
    "000",
  ],
  "ReportType": [
    "originating-device-export",
  ],
  "ReportingDevice": [
    {
      "@id": "000",
      "@type": "CVR.ReportingDevice",
      "Manufacturer": "VotingWorks",
      "SerialNumber": "000",
    },
  ],
  "Version": "1.0.0",
  "vxBatch": [],
}
`;
