// Jest Snapshot v1, https://goo.gl/fbAQLP

exports[`interpret with valid data 1`] = `
{
  "contests": [
    {
      "bounds": {
        "height": 152,
        "width": 1301,
        "x": 372,
        "y": 455,
      },
      "contestId": "Governor-061a401b",
      "corners": [
        {
          "x": 372,
          "y": 455,
        },
        {
          "x": 1673,
          "y": 455,
        },
        {
          "x": 372,
          "y": 607,
        },
        {
          "x": 1673,
          "y": 607,
        },
      ],
      "options": [
        {
          "bounds": {
            "height": 152,
            "width": 352,
            "x": 372,
            "y": 455,
          },
          "definition": {
            "contestId": "Governor-061a401b",
            "id": "Josiah-Bartlett-1bb99985",
            "isWriteIn": false,
            "name": "Josiah Bartlett",
            "optionIndex": 0,
            "type": "candidate",
          },
          "target": {
            "bounds": {
              "height": 1,
              "width": 1,
              "x": 0,
              "y": 0,
            },
            "inner": {
              "height": 1,
              "width": 1,
              "x": 0,
              "y": 0,
            },
          },
        },
        {
          "bounds": {
            "height": 152,
            "width": 351,
            "x": 722,
            "y": 455,
          },
          "definition": {
            "contestId": "Governor-061a401b",
            "id": "Hannah-Dustin-ab4ef7c8",
            "isWriteIn": false,
            "name": "Hannah Dustin",
            "optionIndex": 1,
            "type": "candidate",
          },
          "target": {
            "bounds": {
              "height": 1,
              "width": 1,
              "x": 0,
              "y": 0,
            },
            "inner": {
              "height": 1,
              "width": 1,
              "x": 0,
              "y": 0,
            },
          },
        },
        {
          "bounds": {
            "height": 152,
            "width": 351,
            "x": 1072,
            "y": 455,
          },
          "definition": {
            "contestId": "Governor-061a401b",
            "id": "John-Spencer-9ffb5970",
            "isWriteIn": false,
            "name": "John Spencer",
            "optionIndex": 2,
            "type": "candidate",
          },
          "target": {
            "bounds": {
              "height": 1,
              "width": 1,
              "x": 0,
              "y": 0,
            },
            "inner": {
              "height": 1,
              "width": 1,
              "x": 0,
              "y": 0,
            },
          },
        },
        {
          "bounds": {
            "height": 152,
            "width": 301,
            "x": 1372,
            "y": 455,
          },
          "definition": {
            "contestId": "Governor-061a401b",
            "id": "write-in-0",
            "isWriteIn": true,
            "name": "Write-In",
            "optionIndex": 3,
            "type": "candidate",
            "writeInIndex": 0,
          },
          "target": {
            "bounds": {
              "height": 1,
              "width": 1,
              "x": 0,
              "y": 0,
            },
            "inner": {
              "height": 1,
              "width": 1,
              "x": 0,
              "y": 0,
            },
          },
        },
      ],
    },
    {
      "bounds": {
        "height": 152,
        "width": 1300,
        "x": 373,
        "y": 606,
      },
      "contestId": "United-States-Senator-d3f1c75b",
      "corners": [
        {
          "x": 373,
          "y": 606,
        },
        {
          "x": 1673,
          "y": 606,
        },
        {
          "x": 373,
          "y": 758,
        },
        {
          "x": 1673,
          "y": 758,
        },
      ],
      "options": [
        {
          "bounds": {
            "height": 152,
            "width": 351,
            "x": 373,
            "y": 606,
          },
          "definition": {
            "contestId": "United-States-Senator-d3f1c75b",
            "id": "John-Langdon-5951c8e1",
            "isWriteIn": false,
            "name": "John Langdon",
            "optionIndex": 0,
            "type": "candidate",
          },
          "target": {
            "bounds": {
              "height": 1,
              "width": 1,
              "x": 0,
              "y": 0,
            },
            "inner": {
              "height": 1,
              "width": 1,
              "x": 0,
              "y": 0,
            },
          },
        },
        {
          "bounds": {
            "height": 152,
            "width": 350,
            "x": 723,
            "y": 606,
          },
          "definition": {
            "contestId": "United-States-Senator-d3f1c75b",
            "id": "William-Preston-3778fcd5",
            "isWriteIn": false,
            "name": "William Preston",
            "optionIndex": 1,
            "type": "candidate",
          },
          "target": {
            "bounds": {
              "height": 1,
              "width": 1,
              "x": 0,
              "y": 0,
            },
            "inner": {
              "height": 1,
              "width": 1,
              "x": 0,
              "y": 0,
            },
          },
        },
        {
          "bounds": {
            "height": 152,
            "width": 301,
            "x": 1372,
            "y": 606,
          },
          "definition": {
            "contestId": "United-States-Senator-d3f1c75b",
            "id": "write-in-0",
            "isWriteIn": true,
            "name": "Write-In",
            "optionIndex": 2,
            "type": "candidate",
            "writeInIndex": 0,
          },
          "target": {
            "bounds": {
              "height": 1,
              "width": 1,
              "x": 0,
              "y": 0,
            },
            "inner": {
              "height": 1,
              "width": 1,
              "x": 0,
              "y": 0,
            },
          },
        },
      ],
    },
    {
      "bounds": {
        "height": 153,
        "width": 1301,
        "x": 373,
        "y": 757,
      },
      "contestId": "Representative-in-Congress-24683b44",
      "corners": [
        {
          "x": 373,
          "y": 757,
        },
        {
          "x": 1674,
          "y": 757,
        },
        {
          "x": 373,
          "y": 910,
        },
        {
          "x": 1674,
          "y": 910,
        },
      ],
      "options": [
        {
          "bounds": {
            "height": 153,
            "width": 351,
            "x": 373,
            "y": 757,
          },
          "definition": {
            "contestId": "Representative-in-Congress-24683b44",
            "id": "Jeremiah-Smith-469560c9",
            "isWriteIn": false,
            "name": "Jeremiah Smith",
            "optionIndex": 0,
            "type": "candidate",
          },
          "target": {
            "bounds": {
              "height": 1,
              "width": 1,
              "x": 0,
              "y": 0,
            },
            "inner": {
              "height": 1,
              "width": 1,
              "x": 0,
              "y": 0,
            },
          },
        },
        {
          "bounds": {
            "height": 153,
            "width": 351,
            "x": 723,
            "y": 757,
          },
          "definition": {
            "contestId": "Representative-in-Congress-24683b44",
            "id": "Nicholas-Gilman-1791aed7",
            "isWriteIn": false,
            "name": "Nicholas Gilman",
            "optionIndex": 1,
            "type": "candidate",
          },
          "target": {
            "bounds": {
              "height": 1,
              "width": 1,
              "x": 0,
              "y": 0,
            },
            "inner": {
              "height": 1,
              "width": 1,
              "x": 0,
              "y": 0,
            },
          },
        },
        {
          "bounds": {
            "height": 152,
            "width": 352,
            "x": 1072,
            "y": 757,
          },
          "definition": {
            "contestId": "Representative-in-Congress-24683b44",
            "id": "Richard-Coote-b9095636",
            "isWriteIn": false,
            "name": "Richard Coote",
            "optionIndex": 2,
            "type": "candidate",
          },
          "target": {
            "bounds": {
              "height": 1,
              "width": 1,
              "x": 0,
              "y": 0,
            },
            "inner": {
              "height": 1,
              "width": 1,
              "x": 0,
              "y": 0,
            },
          },
        },
        {
          "bounds": {
            "height": 152,
            "width": 302,
            "x": 1372,
            "y": 757,
          },
          "definition": {
            "contestId": "Representative-in-Congress-24683b44",
            "id": "write-in-0",
            "isWriteIn": true,
            "name": "Write-In",
            "optionIndex": 3,
            "type": "candidate",
            "writeInIndex": 0,
          },
          "target": {
            "bounds": {
              "height": 1,
              "width": 1,
              "x": 0,
              "y": 0,
            },
            "inner": {
              "height": 1,
              "width": 1,
              "x": 0,
              "y": 0,
            },
          },
        },
      ],
    },
    {
      "bounds": {
        "height": 153,
        "width": 1301,
        "x": 373,
        "y": 908,
      },
      "contestId": "Executive-Councilor-bb22557f",
      "corners": [
        {
          "x": 373,
          "y": 908,
        },
        {
          "x": 1674,
          "y": 908,
        },
        {
          "x": 373,
          "y": 1061,
        },
        {
          "x": 1674,
          "y": 1061,
        },
      ],
      "options": [
        {
          "bounds": {
            "height": 152,
            "width": 351,
            "x": 373,
            "y": 909,
          },
          "definition": {
            "contestId": "Executive-Councilor-bb22557f",
            "id": "Anne-Waldron-ee0cbc85",
            "isWriteIn": false,
            "name": "Anne Waldron",
            "optionIndex": 0,
            "type": "candidate",
          },
          "target": {
            "bounds": {
              "height": 1,
              "width": 1,
              "x": 0,
              "y": 0,
            },
            "inner": {
              "height": 1,
              "width": 1,
              "x": 0,
              "y": 0,
            },
          },
        },
        {
          "bounds": {
            "height": 152,
            "width": 351,
            "x": 723,
            "y": 908,
          },
          "definition": {
            "contestId": "Executive-Councilor-bb22557f",
            "id": "Daniel-Webster-13f77b2d",
            "isWriteIn": false,
            "name": "Daniel Webster",
            "optionIndex": 1,
            "type": "candidate",
          },
          "target": {
            "bounds": {
              "height": 1,
              "width": 1,
              "x": 0,
              "y": 0,
            },
            "inner": {
              "height": 1,
              "width": 1,
              "x": 0,
              "y": 0,
            },
          },
        },
        {
          "bounds": {
            "height": 151,
            "width": 301,
            "x": 1373,
            "y": 908,
          },
          "definition": {
            "contestId": "Executive-Councilor-bb22557f",
            "id": "write-in-0",
            "isWriteIn": true,
            "name": "Write-In",
            "optionIndex": 2,
            "type": "candidate",
            "writeInIndex": 0,
          },
          "target": {
            "bounds": {
              "height": 1,
              "width": 1,
              "x": 0,
              "y": 0,
            },
            "inner": {
              "height": 1,
              "width": 1,
              "x": 0,
              "y": 0,
            },
          },
        },
      ],
    },
    {
      "bounds": {
        "height": 154,
        "width": 1301,
        "x": 373,
        "y": 1058,
      },
      "contestId": "State-Senator-391381f8",
      "corners": [
        {
          "x": 373,
          "y": 1058,
        },
        {
          "x": 1674,
          "y": 1058,
        },
        {
          "x": 373,
          "y": 1212,
        },
        {
          "x": 1674,
          "y": 1212,
        },
      ],
      "options": [
        {
          "bounds": {
            "height": 153,
            "width": 352,
            "x": 373,
            "y": 1059,
          },
          "definition": {
            "contestId": "State-Senator-391381f8",
            "id": "James-Poole-db5ef4bd",
            "isWriteIn": false,
            "name": "James Poole",
            "optionIndex": 0,
            "type": "candidate",
          },
          "target": {
            "bounds": {
              "height": 1,
              "width": 1,
              "x": 0,
              "y": 0,
            },
            "inner": {
              "height": 1,
              "width": 1,
              "x": 0,
              "y": 0,
            },
          },
        },
        {
          "bounds": {
            "height": 152,
            "width": 351,
            "x": 723,
            "y": 1059,
          },
          "definition": {
            "contestId": "State-Senator-391381f8",
            "id": "Matthew-Thornton-f66fec5e",
            "isWriteIn": false,
            "name": "Matthew Thornton",
            "optionIndex": 1,
            "type": "candidate",
          },
          "target": {
            "bounds": {
              "height": 1,
              "width": 1,
              "x": 0,
              "y": 0,
            },
            "inner": {
              "height": 1,
              "width": 1,
              "x": 0,
              "y": 0,
            },
          },
        },
        {
          "bounds": {
            "height": 152,
            "width": 301,
            "x": 1373,
            "y": 1058,
          },
          "definition": {
            "contestId": "State-Senator-391381f8",
            "id": "write-in-0",
            "isWriteIn": true,
            "name": "Write-In",
            "optionIndex": 2,
            "type": "candidate",
            "writeInIndex": 0,
          },
          "target": {
            "bounds": {
              "height": 1,
              "width": 1,
              "x": 0,
              "y": 0,
            },
            "inner": {
              "height": 1,
              "width": 1,
              "x": 0,
              "y": 0,
            },
          },
        },
      ],
    },
    {
      "bounds": {
        "height": 406,
        "width": 1301,
        "x": 374,
        "y": 1209,
      },
      "contestId": "State-Representatives-Hillsborough-District-34-b1012d38",
      "corners": [
        {
          "x": 374,
          "y": 1209,
        },
        {
          "x": 1675,
          "y": 1209,
        },
        {
          "x": 374,
          "y": 1615,
        },
        {
          "x": 1675,
          "y": 1615,
        },
      ],
      "options": [
        {
          "bounds": {
            "height": 152,
            "width": 351,
            "x": 374,
            "y": 1261,
          },
          "definition": {
            "contestId": "State-Representatives-Hillsborough-District-34-b1012d38",
            "id": "Obadiah-Carrigan-5c95145a",
            "isWriteIn": false,
            "name": "Obadiah Carrigan",
            "optionIndex": 0,
            "type": "candidate",
          },
          "target": {
            "bounds": {
              "height": 1,
              "width": 1,
              "x": 0,
              "y": 0,
            },
            "inner": {
              "height": 1,
              "width": 1,
              "x": 0,
              "y": 0,
            },
          },
        },
        {
          "bounds": {
            "height": 153,
            "width": 351,
            "x": 374,
            "y": 1361,
          },
          "definition": {
            "contestId": "State-Representatives-Hillsborough-District-34-b1012d38",
            "id": "Mary-Baker-Eddy-350785d5",
            "isWriteIn": false,
            "name": "Mary Baker Eddy",
            "optionIndex": 1,
            "type": "candidate",
          },
          "target": {
            "bounds": {
              "height": 1,
              "width": 1,
              "x": 0,
              "y": 0,
            },
            "inner": {
              "height": 1,
              "width": 1,
              "x": 0,
              "y": 0,
            },
          },
        },
        {
          "bounds": {
            "height": 153,
            "width": 352,
            "x": 374,
            "y": 1462,
          },
          "definition": {
            "contestId": "State-Representatives-Hillsborough-District-34-b1012d38",
            "id": "Samuel-Bell-17973275",
            "isWriteIn": false,
            "name": "Samuel Bell",
            "optionIndex": 2,
            "type": "candidate",
          },
          "target": {
            "bounds": {
              "height": 1,
              "width": 1,
              "x": 0,
              "y": 0,
            },
            "inner": {
              "height": 1,
              "width": 1,
              "x": 0,
              "y": 0,
            },
          },
        },
        {
          "bounds": {
            "height": 152,
            "width": 351,
            "x": 724,
            "y": 1210,
          },
          "definition": {
            "contestId": "State-Representatives-Hillsborough-District-34-b1012d38",
            "id": "Samuel-Livermore-f927fef1",
            "isWriteIn": false,
            "name": "Samuel Livermore",
            "optionIndex": 3,
            "type": "candidate",
          },
          "target": {
            "bounds": {
              "height": 1,
              "width": 1,
              "x": 0,
              "y": 0,
            },
            "inner": {
              "height": 1,
              "width": 1,
              "x": 0,
              "y": 0,
            },
          },
        },
        {
          "bounds": {
            "height": 153,
            "width": 351,
            "x": 724,
            "y": 1310,
          },
          "definition": {
            "contestId": "State-Representatives-Hillsborough-District-34-b1012d38",
            "id": "Elijah-Miller-a52e6988",
            "isWriteIn": false,
            "name": "Elijah Miller",
            "optionIndex": 4,
            "type": "candidate",
          },
          "target": {
            "bounds": {
              "height": 1,
              "width": 1,
              "x": 0,
              "y": 0,
            },
            "inner": {
              "height": 1,
              "width": 1,
              "x": 0,
              "y": 0,
            },
          },
        },
        {
          "bounds": {
            "height": 153,
            "width": 351,
            "x": 724,
            "y": 1411,
          },
          "definition": {
            "contestId": "State-Representatives-Hillsborough-District-34-b1012d38",
            "id": "Isaac-Hill-d6c9deeb",
            "isWriteIn": false,
            "name": "Isaac Hill",
            "optionIndex": 5,
            "type": "candidate",
          },
          "target": {
            "bounds": {
              "height": 1,
              "width": 1,
              "x": 0,
              "y": 0,
            },
            "inner": {
              "height": 1,
              "width": 1,
              "x": 0,
              "y": 0,
            },
          },
        },
        {
          "bounds": {
            "height": 152,
            "width": 352,
            "x": 1073,
            "y": 1260,
          },
          "definition": {
            "contestId": "State-Representatives-Hillsborough-District-34-b1012d38",
            "id": "Abigail-Bartlett-4e46c9d4",
            "isWriteIn": false,
            "name": "Abigail Bartlett",
            "optionIndex": 6,
            "type": "candidate",
          },
          "target": {
            "bounds": {
              "height": 1,
              "width": 1,
              "x": 0,
              "y": 0,
            },
            "inner": {
              "height": 1,
              "width": 1,
              "x": 0,
              "y": 0,
            },
          },
        },
        {
          "bounds": {
            "height": 153,
            "width": 351,
            "x": 1074,
            "y": 1360,
          },
          "definition": {
            "contestId": "State-Representatives-Hillsborough-District-34-b1012d38",
            "id": "Jacob-Freese-b5146505",
            "isWriteIn": false,
            "name": "Jacob Freese",
            "optionIndex": 7,
            "type": "candidate",
          },
          "target": {
            "bounds": {
              "height": 1,
              "width": 1,
              "x": 0,
              "y": 0,
            },
            "inner": {
              "height": 1,
              "width": 1,
              "x": 0,
              "y": 0,
            },
          },
        },
        {
          "bounds": {
            "height": 152,
            "width": 302,
            "x": 1373,
            "y": 1209,
          },
          "definition": {
            "contestId": "State-Representatives-Hillsborough-District-34-b1012d38",
            "id": "write-in-0",
            "isWriteIn": true,
            "name": "Write-In",
            "optionIndex": 8,
            "type": "candidate",
            "writeInIndex": 0,
          },
          "target": {
            "bounds": {
              "height": 1,
              "width": 1,
              "x": 0,
              "y": 0,
            },
            "inner": {
              "height": 1,
              "width": 1,
              "x": 0,
              "y": 0,
            },
          },
        },
        {
          "bounds": {
            "height": 152,
            "width": 301,
            "x": 1374,
            "y": 1310,
          },
          "definition": {
            "contestId": "State-Representatives-Hillsborough-District-34-b1012d38",
            "id": "write-in-1",
            "isWriteIn": true,
            "name": "Write-In",
            "optionIndex": 9,
            "type": "candidate",
            "writeInIndex": 1,
          },
          "target": {
            "bounds": {
              "height": 1,
              "width": 1,
              "x": 0,
              "y": 0,
            },
            "inner": {
              "height": 1,
              "width": 1,
              "x": 0,
              "y": 0,
            },
          },
        },
        {
          "bounds": {
            "height": 153,
            "width": 301,
            "x": 1374,
            "y": 1410,
          },
          "definition": {
            "contestId": "State-Representatives-Hillsborough-District-34-b1012d38",
            "id": "write-in-2",
            "isWriteIn": true,
            "name": "Write-In",
            "optionIndex": 10,
            "type": "candidate",
            "writeInIndex": 2,
          },
          "target": {
            "bounds": {
              "height": 1,
              "width": 1,
              "x": 0,
              "y": 0,
            },
            "inner": {
              "height": 1,
              "width": 1,
              "x": 0,
              "y": 0,
            },
          },
        },
      ],
    },
    {
      "bounds": {
        "height": 153,
        "width": 1301,
        "x": 375,
        "y": 1661,
      },
      "contestId": "State-Representative-Hillsborough-District-37-f3bde894",
      "corners": [
        {
          "x": 375,
          "y": 1661,
        },
        {
          "x": 1676,
          "y": 1661,
        },
        {
          "x": 375,
          "y": 1814,
        },
        {
          "x": 1676,
          "y": 1814,
        },
      ],
      "options": [
        {
          "bounds": {
            "height": 151,
            "width": 351,
            "x": 375,
            "y": 1663,
          },
          "definition": {
            "contestId": "State-Representative-Hillsborough-District-37-f3bde894",
            "id": "Abeil-Foster-ded38e36",
            "isWriteIn": false,
            "name": "Abeil Foster",
            "optionIndex": 0,
            "type": "candidate",
          },
          "target": {
            "bounds": {
              "height": 1,
              "width": 1,
              "x": 0,
              "y": 0,
            },
            "inner": {
              "height": 1,
              "width": 1,
              "x": 0,
              "y": 0,
            },
          },
        },
        {
          "bounds": {
            "height": 151,
            "width": 351,
            "x": 725,
            "y": 1662,
          },
          "definition": {
            "contestId": "State-Representative-Hillsborough-District-37-f3bde894",
            "id": "Charles-H-Hersey-096286a4",
            "isWriteIn": false,
            "name": "Charles H. Hersey",
            "optionIndex": 1,
            "type": "candidate",
          },
          "target": {
            "bounds": {
              "height": 1,
              "width": 1,
              "x": 0,
              "y": 0,
            },
            "inner": {
              "height": 1,
              "width": 1,
              "x": 0,
              "y": 0,
            },
          },
        },
        {
          "bounds": {
            "height": 151,
            "width": 352,
            "x": 1074,
            "y": 1661,
          },
          "definition": {
            "contestId": "State-Representative-Hillsborough-District-37-f3bde894",
            "id": "William-Lovejoy-fde3c2df",
            "isWriteIn": false,
            "name": "William Lovejoy",
            "optionIndex": 2,
            "type": "candidate",
          },
          "target": {
            "bounds": {
              "height": 1,
              "width": 1,
              "x": 0,
              "y": 0,
            },
            "inner": {
              "height": 1,
              "width": 1,
              "x": 0,
              "y": 0,
            },
          },
        },
        {
          "bounds": {
            "height": 151,
            "width": 302,
            "x": 1374,
            "y": 1661,
          },
          "definition": {
            "contestId": "State-Representative-Hillsborough-District-37-f3bde894",
            "id": "write-in-0",
            "isWriteIn": true,
            "name": "Write-In",
            "optionIndex": 3,
            "type": "candidate",
            "writeInIndex": 0,
          },
          "target": {
            "bounds": {
              "height": 1,
              "width": 1,
              "x": 0,
              "y": 0,
            },
            "inner": {
              "height": 1,
              "width": 1,
              "x": 0,
              "y": 0,
            },
          },
        },
      ],
    },
  ],
  "metadata": {
    "ballotStyleId": "card-number-3",
    "ballotType": 0,
    "electionHash": "20bf89eed3f48b4cbbe29cfa42a126a31179316979915fb820456ee8ab79e9e1",
    "isTestMode": true,
    "locales": {
      "primary": "en-US",
    },
    "pageNumber": 1,
    "precinctId": "town-id-00701-precinct-id-",
  },
  "pageSize": {
    "height": 2200,
    "width": 1696,
  },
}
`;

exports[`interpret with valid data 2`] = `
{
  "contests": [
    {
      "bounds": {
        "height": 153,
        "width": 1301,
        "x": 382,
        "y": 253,
      },
      "contestId": "Sheriff-4243fe0b",
      "corners": [
        {
          "x": 382,
          "y": 253,
        },
        {
          "x": 1683,
          "y": 253,
        },
        {
          "x": 382,
          "y": 406,
        },
        {
          "x": 1683,
          "y": 406,
        },
      ],
      "options": [
        {
          "bounds": {
            "height": 153,
            "width": 351,
            "x": 382,
            "y": 253,
          },
          "definition": {
            "contestId": "Sheriff-4243fe0b",
            "id": "Edward-Randolph-bf4c848a",
            "isWriteIn": false,
            "name": "Edward Randolph",
            "optionIndex": 0,
            "type": "candidate",
          },
          "target": {
            "bounds": {
              "height": 1,
              "width": 1,
              "x": 0,
              "y": 0,
            },
            "inner": {
              "height": 1,
              "width": 1,
              "x": 0,
              "y": 0,
            },
          },
        },
        {
          "bounds": {
            "height": 153,
            "width": 351,
            "x": 732,
            "y": 253,
          },
          "definition": {
            "contestId": "Sheriff-4243fe0b",
            "id": "Edward-Randolph-bf4c848a",
            "isWriteIn": false,
            "name": "Edward Randolph",
            "optionIndex": 0,
            "type": "candidate",
          },
          "target": {
            "bounds": {
              "height": 1,
              "width": 1,
              "x": 0,
              "y": 0,
            },
            "inner": {
              "height": 1,
              "width": 1,
              "x": 0,
              "y": 0,
            },
          },
        },
        {
          "bounds": {
            "height": 153,
            "width": 301,
            "x": 1382,
            "y": 253,
          },
          "definition": {
            "contestId": "Sheriff-4243fe0b",
            "id": "write-in-0",
            "isWriteIn": true,
            "name": "Write-In",
            "optionIndex": 1,
            "type": "candidate",
            "writeInIndex": 0,
          },
          "target": {
            "bounds": {
              "height": 1,
              "width": 1,
              "x": 0,
              "y": 0,
            },
            "inner": {
              "height": 1,
              "width": 1,
              "x": 0,
              "y": 0,
            },
          },
        },
      ],
    },
    {
      "bounds": {
        "height": 152,
        "width": 1301,
        "x": 382,
        "y": 405,
      },
      "contestId": "County-Attorney-133f910f",
      "corners": [
        {
          "x": 382,
          "y": 405,
        },
        {
          "x": 1683,
          "y": 405,
        },
        {
          "x": 382,
          "y": 557,
        },
        {
          "x": 1683,
          "y": 557,
        },
      ],
      "options": [
        {
          "bounds": {
            "height": 151,
            "width": 351,
            "x": 382,
            "y": 405,
          },
          "definition": {
            "contestId": "County-Attorney-133f910f",
            "id": "Ezra-Bartlett-8f95223c",
            "isWriteIn": false,
            "name": "Ezra Bartlett",
            "optionIndex": 0,
            "type": "candidate",
          },
          "target": {
            "bounds": {
              "height": 1,
              "width": 1,
              "x": 0,
              "y": 0,
            },
            "inner": {
              "height": 1,
              "width": 1,
              "x": 0,
              "y": 0,
            },
          },
        },
        {
          "bounds": {
            "height": 152,
            "width": 351,
            "x": 732,
            "y": 405,
          },
          "definition": {
            "contestId": "County-Attorney-133f910f",
            "id": "Mary-Woolson-dc0b854a",
            "isWriteIn": false,
            "name": "Mary Woolson",
            "optionIndex": 1,
            "type": "candidate",
          },
          "target": {
            "bounds": {
              "height": 1,
              "width": 1,
              "x": 0,
              "y": 0,
            },
            "inner": {
              "height": 1,
              "width": 1,
              "x": 0,
              "y": 0,
            },
          },
        },
        {
          "bounds": {
            "height": 152,
            "width": 301,
            "x": 1382,
            "y": 405,
          },
          "definition": {
            "contestId": "County-Attorney-133f910f",
            "id": "write-in-0",
            "isWriteIn": true,
            "name": "Write-In",
            "optionIndex": 2,
            "type": "candidate",
            "writeInIndex": 0,
          },
          "target": {
            "bounds": {
              "height": 1,
              "width": 1,
              "x": 0,
              "y": 0,
            },
            "inner": {
              "height": 1,
              "width": 1,
              "x": 0,
              "y": 0,
            },
          },
        },
      ],
    },
    {
      "bounds": {
        "height": 153,
        "width": 1301,
        "x": 382,
        "y": 555,
      },
      "contestId": "County-Treasurer-87d25a31",
      "corners": [
        {
          "x": 382,
          "y": 555,
        },
        {
          "x": 1683,
          "y": 555,
        },
        {
          "x": 382,
          "y": 708,
        },
        {
          "x": 1683,
          "y": 708,
        },
      ],
      "options": [
        {
          "bounds": {
            "height": 153,
            "width": 351,
            "x": 382,
            "y": 555,
          },
          "definition": {
            "contestId": "County-Treasurer-87d25a31",
            "id": "John-Smith-ef61a579",
            "isWriteIn": false,
            "name": "John Smith",
            "optionIndex": 0,
            "type": "candidate",
          },
          "target": {
            "bounds": {
              "height": 1,
              "width": 1,
              "x": 0,
              "y": 0,
            },
            "inner": {
              "height": 1,
              "width": 1,
              "x": 0,
              "y": 0,
            },
          },
        },
        {
          "bounds": {
            "height": 153,
            "width": 351,
            "x": 732,
            "y": 555,
          },
          "definition": {
            "contestId": "County-Treasurer-87d25a31",
            "id": "Jane-Jones-9caa141f",
            "isWriteIn": false,
            "name": "Jane Jones",
            "optionIndex": 1,
            "type": "candidate",
          },
          "target": {
            "bounds": {
              "height": 1,
              "width": 1,
              "x": 0,
              "y": 0,
            },
            "inner": {
              "height": 1,
              "width": 1,
              "x": 0,
              "y": 0,
            },
          },
        },
        {
          "bounds": {
            "height": 152,
            "width": 301,
            "x": 1382,
            "y": 556,
          },
          "definition": {
            "contestId": "County-Treasurer-87d25a31",
            "id": "write-in-0",
            "isWriteIn": true,
            "name": "Write-In",
            "optionIndex": 2,
            "type": "candidate",
            "writeInIndex": 0,
          },
          "target": {
            "bounds": {
              "height": 1,
              "width": 1,
              "x": 0,
              "y": 0,
            },
            "inner": {
              "height": 1,
              "width": 1,
              "x": 0,
              "y": 0,
            },
          },
        },
      ],
    },
    {
      "bounds": {
        "height": 152,
        "width": 1301,
        "x": 382,
        "y": 707,
      },
      "contestId": "Register-of-Deeds-a1278df2",
      "corners": [
        {
          "x": 382,
          "y": 707,
        },
        {
          "x": 1683,
          "y": 707,
        },
        {
          "x": 382,
          "y": 859,
        },
        {
          "x": 1683,
          "y": 859,
        },
      ],
      "options": [
        {
          "bounds": {
            "height": 151,
            "width": 351,
            "x": 382,
            "y": 707,
          },
          "definition": {
            "contestId": "Register-of-Deeds-a1278df2",
            "id": "John-Mann-b56bbdd3",
            "isWriteIn": false,
            "name": "John Mann",
            "optionIndex": 0,
            "type": "candidate",
          },
          "target": {
            "bounds": {
              "height": 1,
              "width": 1,
              "x": 0,
              "y": 0,
            },
            "inner": {
              "height": 1,
              "width": 1,
              "x": 0,
              "y": 0,
            },
          },
        },
        {
          "bounds": {
            "height": 152,
            "width": 351,
            "x": 732,
            "y": 707,
          },
          "definition": {
            "contestId": "Register-of-Deeds-a1278df2",
            "id": "Ellen-A-Stileman-14408737",
            "isWriteIn": false,
            "name": "Ellen A. Stileman",
            "optionIndex": 1,
            "type": "candidate",
          },
          "target": {
            "bounds": {
              "height": 1,
              "width": 1,
              "x": 0,
              "y": 0,
            },
            "inner": {
              "height": 1,
              "width": 1,
              "x": 0,
              "y": 0,
            },
          },
        },
        {
          "bounds": {
            "height": 152,
            "width": 301,
            "x": 1382,
            "y": 707,
          },
          "definition": {
            "contestId": "Register-of-Deeds-a1278df2",
            "id": "write-in-0",
            "isWriteIn": true,
            "name": "Write-In",
            "optionIndex": 2,
            "type": "candidate",
            "writeInIndex": 0,
          },
          "target": {
            "bounds": {
              "height": 1,
              "width": 1,
              "x": 0,
              "y": 0,
            },
            "inner": {
              "height": 1,
              "width": 1,
              "x": 0,
              "y": 0,
            },
          },
        },
      ],
    },
    {
      "bounds": {
        "height": 153,
        "width": 1301,
        "x": 382,
        "y": 857,
      },
      "contestId": "Register-of-Probate-a4117da8",
      "corners": [
        {
          "x": 382,
          "y": 857,
        },
        {
          "x": 1683,
          "y": 857,
        },
        {
          "x": 382,
          "y": 1010,
        },
        {
          "x": 1683,
          "y": 1010,
        },
      ],
      "options": [
        {
          "bounds": {
            "height": 152,
            "width": 351,
            "x": 382,
            "y": 857,
          },
          "definition": {
            "contestId": "Register-of-Probate-a4117da8",
            "id": "Nathaniel-Parker-56a06c29",
            "isWriteIn": false,
            "name": "Nathaniel Parker",
            "optionIndex": 0,
            "type": "candidate",
          },
          "target": {
            "bounds": {
              "height": 1,
              "width": 1,
              "x": 0,
              "y": 0,
            },
            "inner": {
              "height": 1,
              "width": 1,
              "x": 0,
              "y": 0,
            },
          },
        },
        {
          "bounds": {
            "height": 153,
            "width": 351,
            "x": 732,
            "y": 857,
          },
          "definition": {
            "contestId": "Register-of-Probate-a4117da8",
            "id": "Claire-Cutts-07a436e7",
            "isWriteIn": false,
            "name": "Claire Cutts",
            "optionIndex": 1,
            "type": "candidate",
          },
          "target": {
            "bounds": {
              "height": 1,
              "width": 1,
              "x": 0,
              "y": 0,
            },
            "inner": {
              "height": 1,
              "width": 1,
              "x": 0,
              "y": 0,
            },
          },
        },
        {
          "bounds": {
            "height": 152,
            "width": 302,
            "x": 1381,
            "y": 858,
          },
          "definition": {
            "contestId": "Register-of-Probate-a4117da8",
            "id": "write-in-0",
            "isWriteIn": true,
            "name": "Write-In",
            "optionIndex": 2,
            "type": "candidate",
            "writeInIndex": 0,
          },
          "target": {
            "bounds": {
              "height": 1,
              "width": 1,
              "x": 0,
              "y": 0,
            },
            "inner": {
              "height": 1,
              "width": 1,
              "x": 0,
              "y": 0,
            },
          },
        },
      ],
    },
    {
      "bounds": {
        "height": 154,
        "width": 1301,
        "x": 381,
        "y": 1008,
      },
      "contestId": "County-Commissioner-d6feed25",
      "corners": [
        {
          "x": 381,
          "y": 1008,
        },
        {
          "x": 1682,
          "y": 1008,
        },
        {
          "x": 381,
          "y": 1162,
        },
        {
          "x": 1682,
          "y": 1162,
        },
      ],
      "options": [
        {
          "bounds": {
            "height": 153,
            "width": 352,
            "x": 381,
            "y": 1008,
          },
          "definition": {
            "contestId": "County-Commissioner-d6feed25",
            "id": "Ichabod-Goodwin-55e8de1f",
            "isWriteIn": false,
            "name": "Ichabod Goodwin",
            "optionIndex": 0,
            "type": "candidate",
          },
          "target": {
            "bounds": {
              "height": 1,
              "width": 1,
              "x": 0,
              "y": 0,
            },
            "inner": {
              "height": 1,
              "width": 1,
              "x": 0,
              "y": 0,
            },
          },
        },
        {
          "bounds": {
            "height": 153,
            "width": 351,
            "x": 731,
            "y": 1008,
          },
          "definition": {
            "contestId": "County-Commissioner-d6feed25",
            "id": "Valbe-Cady-ba3af3af",
            "isWriteIn": false,
            "name": "Valbe Cady",
            "optionIndex": 1,
            "type": "candidate",
          },
          "target": {
            "bounds": {
              "height": 1,
              "width": 1,
              "x": 0,
              "y": 0,
            },
            "inner": {
              "height": 1,
              "width": 1,
              "x": 0,
              "y": 0,
            },
          },
        },
        {
          "bounds": {
            "height": 153,
            "width": 301,
            "x": 1381,
            "y": 1009,
          },
          "definition": {
            "contestId": "County-Commissioner-d6feed25",
            "id": "write-in-0",
            "isWriteIn": true,
            "name": "Write-In",
            "optionIndex": 2,
            "type": "candidate",
            "writeInIndex": 0,
          },
          "target": {
            "bounds": {
              "height": 1,
              "width": 1,
              "x": 0,
              "y": 0,
            },
            "inner": {
              "height": 1,
              "width": 1,
              "x": 0,
              "y": 0,
            },
          },
        },
      ],
    },
    {
      "bounds": {
        "height": 154,
        "width": 601,
        "x": 1081,
        "y": 1260,
      },
      "contestId": "Shall-there-be-a-convention-to-amend-or-revise-the-constitution--15e8b5bc",
      "corners": [
        {
          "x": 1081,
          "y": 1260,
        },
        {
          "x": 1682,
          "y": 1260,
        },
        {
          "x": 1081,
          "y": 1414,
        },
        {
          "x": 1682,
          "y": 1414,
        },
      ],
      "options": [
        {
          "bounds": {
            "height": 154,
            "width": 351,
            "x": 1081,
            "y": 1260,
          },
          "definition": {
            "contestId": "Shall-there-be-a-convention-to-amend-or-revise-the-constitution--15e8b5bc",
            "id": "yes",
            "name": "Yes",
            "optionIndex": 0,
            "type": "yesno",
          },
          "target": {
            "bounds": {
              "height": 1,
              "width": 1,
              "x": 0,
              "y": 0,
            },
            "inner": {
              "height": 1,
              "width": 1,
              "x": 0,
              "y": 0,
            },
          },
        },
        {
          "bounds": {
            "height": 153,
            "width": 301,
            "x": 1381,
            "y": 1261,
          },
          "definition": {
            "contestId": "Shall-there-be-a-convention-to-amend-or-revise-the-constitution--15e8b5bc",
            "id": "no",
            "name": "No",
            "optionIndex": 1,
            "type": "yesno",
          },
          "target": {
            "bounds": {
              "height": 1,
              "width": 1,
              "x": 0,
              "y": 0,
            },
            "inner": {
              "height": 1,
              "width": 1,
              "x": 0,
              "y": 0,
            },
          },
        },
      ],
    },
  ],
  "metadata": {
    "ballotStyleId": "card-number-3",
    "ballotType": 0,
    "electionHash": "20bf89eed3f48b4cbbe29cfa42a126a31179316979915fb820456ee8ab79e9e1",
    "isTestMode": true,
    "locales": {
      "primary": "en-US",
    },
    "pageNumber": 2,
    "precinctId": "town-id-00701-precinct-id-",
  },
  "pageSize": {
    "height": 2200,
    "width": 1696,
  },
}
`;
