// Jest Snapshot v1, https://goo.gl/fbAQLP

exports[`single card 1`] = `
{
  "accuvoteHeaderInfo": {
    "ballotSize": "8.5X14",
    "ballotType": "Regular",
    "electionDate": "11/3/2020 12:00:00",
    "electionId": "16710",
    "electionName": "General Election",
    "partyName": "",
    "precinctId": "",
    "townId": "12101",
    "townName": "Hudson",
  },
  "ballotPaperInfo": undefined,
  "candidates": [
    {
      "candidateNames": [
        {
          "cx": 150.777,
          "cy": 245.768,
          "name": "Donald J. Trump  and Michael R. Pence",
          "ox": 261,
          "oy": 234,
          "party": "Republican",
          "pronunciation": undefined,
          "writeIn": false,
        },
        {
          "cx": 260.926,
          "cy": 245.768,
          "name": "Joseph R. Biden  and Kamala D. Harris",
          "ox": 387.18,
          "oy": 234,
          "party": "Democratic",
          "pronunciation": undefined,
          "writeIn": false,
        },
        {
          "cx": 371.074,
          "cy": 262.018,
          "name": "Jo Jorgensen  and Jeremy Cohen",
          "ox": 513.1800000000001,
          "oy": 234,
          "party": "OC",
          "pronunciation": undefined,
          "writeIn": false,
        },
        {
          "cx": 481.223,
          "cy": 263.768,
          "name": "President and Vice-President",
          "ox": 621,
          "oy": 234,
          "party": undefined,
          "pronunciation": "",
          "writeIn": true,
        },
      ],
      "officeName": {
        "name": "President and Vice-President of the United States",
        "winnerNote": "Vote for not more than 1",
        "x": 95.327,
        "y": 242.961,
      },
    },
    {
      "candidateNames": [
        {
          "cx": 150.777,
          "cy": 299.768,
          "name": "Chris Sununu",
          "ox": 261,
          "oy": 306,
          "party": "Republican",
          "pronunciation": undefined,
          "writeIn": false,
        },
        {
          "cx": 260.926,
          "cy": 299.768,
          "name": "Dan Feltes",
          "ox": 387.18,
          "oy": 306,
          "party": "Democratic",
          "pronunciation": undefined,
          "writeIn": false,
        },
        {
          "cx": 371.074,
          "cy": 316.018,
          "name": "Darryl W. Perry",
          "ox": 513.1800000000001,
          "oy": 306,
          "party": "OC",
          "pronunciation": undefined,
          "writeIn": false,
        },
        {
          "cx": 481.223,
          "cy": 299.768,
          "name": "Governor",
          "ox": 621,
          "oy": 306,
          "party": undefined,
          "pronunciation": "",
          "writeIn": true,
        },
      ],
      "officeName": {
        "name": "Governor",
        "winnerNote": "Vote for not more than 1",
        "x": 95.327,
        "y": 302.643,
      },
    },
    {
      "candidateNames": [
        {
          "cx": 150.777,
          "cy": 335.768,
          "name": "Corky Messner",
          "ox": 261,
          "oy": 360,
          "party": "Republican",
          "pronunciation": undefined,
          "writeIn": false,
        },
        {
          "cx": 260.926,
          "cy": 335.768,
          "name": "Jeanne Shaheen",
          "ox": 387.18,
          "oy": 360,
          "party": "Democratic",
          "pronunciation": undefined,
          "writeIn": false,
        },
        {
          "cx": 371.074,
          "cy": 352.018,
          "name": "Justin O'Donnell",
          "ox": 513.1800000000001,
          "oy": 360,
          "party": "OC",
          "pronunciation": undefined,
          "writeIn": false,
        },
        {
          "cx": 481.223,
          "cy": 335.768,
          "name": "US Senator",
          "ox": 621,
          "oy": 360,
          "party": undefined,
          "pronunciation": "",
          "writeIn": true,
        },
      ],
      "officeName": {
        "name": "United States Senator",
        "winnerNote": "Vote for not more than 1",
        "x": 95.327,
        "y": 340.018,
      },
    },
    {
      "candidateNames": [
        {
          "cx": 150.777,
          "cy": 371.768,
          "name": "Steven Negron",
          "ox": 261,
          "oy": 414,
          "party": "Republican",
          "pronunciation": undefined,
          "writeIn": false,
        },
        {
          "cx": 260.926,
          "cy": 371.768,
          "name": "Ann McLane Kuster",
          "ox": 387.18,
          "oy": 414,
          "party": "Democratic",
          "pronunciation": undefined,
          "writeIn": false,
        },
        {
          "cx": 371.074,
          "cy": 388.018,
          "name": "Andrew Olding",
          "ox": 513.1800000000001,
          "oy": 414,
          "party": "OC",
          "pronunciation": undefined,
          "writeIn": false,
        },
        {
          "cx": 481.223,
          "cy": 389.768,
          "name": "Rep in Congress",
          "ox": 621,
          "oy": 414,
          "party": undefined,
          "pronunciation": "",
          "writeIn": true,
        },
      ],
      "officeName": {
        "name": "Representative in Congress",
        "winnerNote": "Vote for not more than 1",
        "x": 81.452,
        "y": 379.268,
      },
    },
    {
      "candidateNames": [
        {
          "cx": 150.777,
          "cy": 425.768,
          "name": "Dave Wheeler",
          "ox": 261,
          "oy": 468,
          "party": "Republican",
          "pronunciation": undefined,
          "writeIn": false,
        },
        {
          "cx": 260.926,
          "cy": 425.768,
          "name": "Debora B. Pignatelli",
          "ox": 387.18,
          "oy": 468,
          "party": "Democratic",
          "pronunciation": undefined,
          "writeIn": false,
        },
        {
          "cx": 481.223,
          "cy": 425.768,
          "name": "Executive Councilor",
          "ox": 621,
          "oy": 468,
          "party": undefined,
          "pronunciation": "",
          "writeIn": true,
        },
      ],
      "officeName": {
        "name": "Executive Councilor",
        "winnerNote": "Vote for not more than 1",
        "x": 95.327,
        "y": 427.268,
      },
    },
    {
      "candidateNames": [
        {
          "cx": 150.777,
          "cy": 461.768,
          "name": "Sharon M. Carson",
          "ox": 261,
          "oy": 522,
          "party": "Republican",
          "pronunciation": undefined,
          "writeIn": false,
        },
        {
          "cx": 260.926,
          "cy": 461.768,
          "name": "Nancy Hendricks",
          "ox": 387.18,
          "oy": 522,
          "party": "Democratic",
          "pronunciation": undefined,
          "writeIn": false,
        },
        {
          "cx": 481.223,
          "cy": 461.768,
          "name": "State Senator",
          "ox": 621,
          "oy": 522,
          "party": undefined,
          "pronunciation": "",
          "writeIn": true,
        },
      ],
      "officeName": {
        "name": "State Senator",
        "winnerNote": "Vote for not more than 1",
        "x": 95.327,
        "y": 463.268,
      },
    },
    {
      "candidateNames": [
        {
          "cx": 150.777,
          "cy": 497.768,
          "name": "Tony Lekas",
          "ox": 261,
          "oy": 594,
          "party": "Republican",
          "pronunciation": undefined,
          "writeIn": false,
        },
        {
          "cx": 150.777,
          "cy": 515.768,
          "name": "Hershel Nunez",
          "ox": 261,
          "oy": 630,
          "party": "Republican",
          "pronunciation": undefined,
          "writeIn": false,
        },
        {
          "cx": 150.777,
          "cy": 533.768,
          "name": "Lynne Ober",
          "ox": 261,
          "oy": 666,
          "party": "Republican",
          "pronunciation": undefined,
          "writeIn": false,
        },
        {
          "cx": 150.777,
          "cy": 551.768,
          "name": "Russell Ober",
          "ox": 261,
          "oy": 702,
          "party": "Republican",
          "pronunciation": undefined,
          "writeIn": false,
        },
        {
          "cx": 150.777,
          "cy": 569.768,
          "name": "Andrew Prout",
          "ox": 261,
          "oy": 738,
          "party": "Republican",
          "pronunciation": undefined,
          "writeIn": false,
        },
        {
          "cx": 150.777,
          "cy": 587.768,
          "name": "Andrew Renzullo",
          "ox": 261,
          "oy": 774,
          "party": "Republican",
          "pronunciation": undefined,
          "writeIn": false,
        },
        {
          "cx": 150.777,
          "cy": 605.768,
          "name": "Kimberly Rice",
          "ox": 261,
          "oy": 810,
          "party": "Republican",
          "pronunciation": undefined,
          "writeIn": false,
        },
        {
          "cx": 150.777,
          "cy": 623.768,
          "name": "Denise Smith",
          "ox": 261,
          "oy": 846,
          "party": "Republican",
          "pronunciation": undefined,
          "writeIn": false,
        },
        {
          "cx": 150.777,
          "cy": 641.768,
          "name": "Jordan Ulery",
          "ox": 261,
          "oy": 882,
          "party": "Republican",
          "pronunciation": undefined,
          "writeIn": false,
        },
        {
          "cx": 150.777,
          "cy": 659.768,
          "name": "Bob Greene",
          "ox": 261,
          "oy": 918,
          "party": "Republican",
          "pronunciation": undefined,
          "writeIn": false,
        },
        {
          "cx": 150.777,
          "cy": 677.768,
          "name": "Alicia Lekas",
          "ox": 261,
          "oy": 954,
          "party": "Republican",
          "pronunciation": undefined,
          "writeIn": false,
        },
        {
          "cx": 260.926,
          "cy": 497.768,
          "name": "Brett Gagnon",
          "ox": 387.18,
          "oy": 576,
          "party": "Democratic",
          "pronunciation": undefined,
          "writeIn": false,
        },
        {
          "cx": 260.926,
          "cy": 515.768,
          "name": "David Hennessey",
          "ox": 387.18,
          "oy": 612,
          "party": "Democratic",
          "pronunciation": undefined,
          "writeIn": false,
        },
        {
          "cx": 260.926,
          "cy": 533.768,
          "name": "Beatriz Jauregui",
          "ox": 387.18,
          "oy": 648,
          "party": "Democratic",
          "pronunciation": undefined,
          "writeIn": false,
        },
        {
          "cx": 260.926,
          "cy": 551.768,
          "name": "Steven Katsos",
          "ox": 387.18,
          "oy": 684,
          "party": "Democratic",
          "pronunciation": undefined,
          "writeIn": false,
        },
        {
          "cx": 260.926,
          "cy": 569.768,
          "name": "Harold Lynde",
          "ox": 387.18,
          "oy": 720,
          "party": "Democratic",
          "pronunciation": undefined,
          "writeIn": false,
        },
        {
          "cx": 260.926,
          "cy": 587.768,
          "name": "Lana Paliy",
          "ox": 387.18,
          "oy": 756,
          "party": "Democratic",
          "pronunciation": undefined,
          "writeIn": false,
        },
        {
          "cx": 260.926,
          "cy": 605.768,
          "name": "Robert S. Sherman",
          "ox": 387.18,
          "oy": 792,
          "party": "Democratic",
          "pronunciation": undefined,
          "writeIn": false,
        },
        {
          "cx": 260.926,
          "cy": 623.768,
          "name": "Alejandro Urrutia",
          "ox": 387.18,
          "oy": 828,
          "party": "Democratic",
          "pronunciation": undefined,
          "writeIn": false,
        },
        {
          "cx": 260.926,
          "cy": 641.768,
          "name": "Timothy Wyatt",
          "ox": 387.18,
          "oy": 864,
          "party": "Democratic",
          "pronunciation": undefined,
          "writeIn": false,
        },
        {
          "cx": 260.926,
          "cy": 659.768,
          "name": "Barbara A. Blue",
          "ox": 387.18,
          "oy": 900,
          "party": "Democratic",
          "pronunciation": undefined,
          "writeIn": false,
        },
        {
          "cx": 260.926,
          "cy": 677.768,
          "name": "Nancy S. Brucker",
          "ox": 387.18,
          "oy": 936,
          "party": "Democratic",
          "pronunciation": undefined,
          "writeIn": false,
        },
        {
          "cx": 481.223,
          "cy": 677.768,
          "name": "State Representative",
          "ox": 621,
          "oy": 936,
          "party": undefined,
          "pronunciation": "",
          "writeIn": true,
        },
        {
          "cx": 481.223,
          "cy": 659.768,
          "name": "State Representative",
          "ox": 621,
          "oy": 900,
          "party": undefined,
          "pronunciation": "",
          "writeIn": true,
        },
        {
          "cx": 481.223,
          "cy": 641.768,
          "name": "State Representative",
          "ox": 621,
          "oy": 864,
          "party": undefined,
          "pronunciation": "",
          "writeIn": true,
        },
        {
          "cx": 481.223,
          "cy": 623.768,
          "name": "State Representative",
          "ox": 621,
          "oy": 828,
          "party": undefined,
          "pronunciation": "",
          "writeIn": true,
        },
        {
          "cx": 481.223,
          "cy": 605.768,
          "name": "State Representative",
          "ox": 621,
          "oy": 792,
          "party": undefined,
          "pronunciation": "",
          "writeIn": true,
        },
        {
          "cx": 481.223,
          "cy": 587.768,
          "name": "State Representative",
          "ox": 621,
          "oy": 756,
          "party": undefined,
          "pronunciation": "",
          "writeIn": true,
        },
        {
          "cx": 481.223,
          "cy": 569.768,
          "name": "State Representative",
          "ox": 621,
          "oy": 720,
          "party": undefined,
          "pronunciation": "",
          "writeIn": true,
        },
        {
          "cx": 481.223,
          "cy": 551.768,
          "name": "State Representative",
          "ox": 621,
          "oy": 684,
          "party": undefined,
          "pronunciation": "",
          "writeIn": true,
        },
        {
          "cx": 481.223,
          "cy": 533.768,
          "name": "State Representative",
          "ox": 621,
          "oy": 648,
          "party": undefined,
          "pronunciation": "",
          "writeIn": true,
        },
        {
          "cx": 481.223,
          "cy": 515.768,
          "name": "State Representative",
          "ox": 621,
          "oy": 612,
          "party": undefined,
          "pronunciation": "",
          "writeIn": true,
        },
        {
          "cx": 481.223,
          "cy": 497.768,
          "name": "State Representative",
          "ox": 621,
          "oy": 576,
          "party": undefined,
          "pronunciation": "",
          "writeIn": true,
        },
      ],
      "officeName": {
        "name": "State Representatives",
        "winnerNote": "Vote for not more than 11",
        "x": 95.327,
        "y": 589.268,
      },
    },
    {
      "candidateNames": [
        {
          "cx": 150.777,
          "cy": 713.768,
          "name": "Christopher Connelly",
          "ox": 261,
          "oy": 1224,
          "party": "Republican",
          "pronunciation": undefined,
          "writeIn": false,
        },
        {
          "cx": 260.926,
          "cy": 713.768,
          "name": "Bill Barry",
          "ox": 387,
          "oy": 1224,
          "party": "Democratic",
          "pronunciation": undefined,
          "writeIn": false,
        },
        {
          "cx": 481.223,
          "cy": 713.768,
          "name": "Sheriff",
          "ox": 621,
          "oy": 1224,
          "party": undefined,
          "pronunciation": "",
          "writeIn": true,
        },
      ],
      "officeName": {
        "name": "Sheriff",
        "winnerNote": "Vote for not more than 1",
        "x": 95.327,
        "y": 715.268,
      },
    },
    {
      "candidateNames": [
        {
          "cx": 150.777,
          "cy": 749.768,
          "name": "John J. Coughlin",
          "ox": 261,
          "oy": 1278,
          "party": "Republican",
          "pronunciation": undefined,
          "writeIn": false,
        },
        {
          "cx": 260.926,
          "cy": 749.768,
          "name": "Michael Conlon",
          "ox": 387,
          "oy": 1278,
          "party": "Democratic",
          "pronunciation": undefined,
          "writeIn": false,
        },
        {
          "cx": 371.074,
          "cy": 766.018,
          "name": "Nicholas Sarwark",
          "ox": 513,
          "oy": 1278,
          "party": "OC",
          "pronunciation": undefined,
          "writeIn": false,
        },
        {
          "cx": 481.223,
          "cy": 749.768,
          "name": "County Attorney",
          "ox": 621,
          "oy": 1278,
          "party": undefined,
          "pronunciation": "",
          "writeIn": true,
        },
      ],
      "officeName": {
        "name": "County Attorney",
        "winnerNote": "Vote for not more than 1",
        "x": 95.327,
        "y": 752.643,
      },
    },
    {
      "candidateNames": [
        {
          "cx": 150.777,
          "cy": 785.768,
          "name": "David G. Fredette",
          "ox": 261,
          "oy": 1332,
          "party": "Republican",
          "pronunciation": undefined,
          "writeIn": false,
        },
        {
          "cx": 260.926,
          "cy": 785.768,
          "name": "William Bryk",
          "ox": 387,
          "oy": 1332,
          "party": "Democratic",
          "pronunciation": undefined,
          "writeIn": false,
        },
        {
          "cx": 371.074,
          "cy": 802.018,
          "name": "Richard Manzo",
          "ox": 513,
          "oy": 1332,
          "party": "OC",
          "pronunciation": undefined,
          "writeIn": false,
        },
        {
          "cx": 481.223,
          "cy": 785.768,
          "name": "County Treasurer",
          "ox": 621,
          "oy": 1332,
          "party": undefined,
          "pronunciation": "",
          "writeIn": true,
        },
      ],
      "officeName": {
        "name": "County Treasurer",
        "winnerNote": "Vote for not more than 1",
        "x": 95.327,
        "y": 790.018,
      },
    },
    {
      "candidateNames": [
        {
          "cx": 150.777,
          "cy": 821.768,
          "name": "Jack Flanagan",
          "ox": 261,
          "oy": 1386,
          "party": "Republican",
          "pronunciation": undefined,
          "writeIn": false,
        },
        {
          "cx": 260.926,
          "cy": 821.768,
          "name": "Mary Ann Crowell",
          "ox": 387,
          "oy": 1386,
          "party": "Democratic",
          "pronunciation": undefined,
          "writeIn": false,
        },
        {
          "cx": 481.223,
          "cy": 821.768,
          "name": "Register of Deeds",
          "ox": 621,
          "oy": 1386,
          "party": undefined,
          "pronunciation": "",
          "writeIn": true,
        },
      ],
      "officeName": {
        "name": "Register of Deeds",
        "winnerNote": "Vote for not more than 1",
        "x": 95.327,
        "y": 825.518,
      },
    },
    {
      "candidateNames": [
        {
          "cx": 150.777,
          "cy": 857.768,
          "name": "Elizabeth Ann Moreau",
          "ox": 261,
          "oy": 1440,
          "party": "Republican",
          "pronunciation": undefined,
          "writeIn": false,
        },
        {
          "cx": 260.926,
          "cy": 857.768,
          "name": "Elizabeth Ropp",
          "ox": 387,
          "oy": 1440,
          "party": "Democratic",
          "pronunciation": undefined,
          "writeIn": false,
        },
        {
          "cx": 481.223,
          "cy": 857.768,
          "name": "Register of Probate",
          "ox": 621,
          "oy": 1440,
          "party": undefined,
          "pronunciation": "",
          "writeIn": true,
        },
      ],
      "officeName": {
        "name": "Register of Probate",
        "winnerNote": "Vote for not more than 1",
        "x": 95.327,
        "y": 859.268,
      },
    },
    {
      "candidateNames": [
        {
          "cx": 150.777,
          "cy": 893.768,
          "name": "Michael Soucy",
          "ox": 261,
          "oy": 1494,
          "party": "Republican",
          "pronunciation": undefined,
          "writeIn": false,
        },
        {
          "cx": 260.926,
          "cy": 893.768,
          "name": "Daniel C. Hansberry",
          "ox": 387,
          "oy": 1494,
          "party": "Democratic",
          "pronunciation": undefined,
          "writeIn": false,
        },
        {
          "cx": 481.223,
          "cy": 893.768,
          "name": "County Commissioner",
          "ox": 621,
          "oy": 1494,
          "party": undefined,
          "pronunciation": "",
          "writeIn": true,
        },
      ],
      "officeName": {
        "name": "County Commissioner",
        "winnerNote": "Vote for not more than 1",
        "x": 95.327,
        "y": 894.768,
      },
    },
  ],
}
`;
